[    0.000000] Command line: root=/dev/root ro rootfstype=9p rootflags=trans=virtio console=ttyS0 init=/bin/sh
[    0.000000] BIOS-provided physical RAM map:
[    0.000000] BIOS-e820: [mem 0x0000000000000000-0x000000000009fbff] usable
[    0.000000] BIOS-e820: [mem 0x000000000009fc00-0x000000000009ffff] reserved
[    0.000000] BIOS-e820: [mem 0x00000000000f0000-0x00000000000fffff] reserved
[    0.000000] BIOS-e820: [mem 0x0000000000100000-0x000000007ffdffff] usable
[    0.000000] BIOS-e820: [mem 0x000000007ffe0000-0x000000007fffffff] reserved
[    0.000000] BIOS-e820: [mem 0x00000000fffc0000-0x00000000ffffffff] reserved
[    0.000000] BIOS-e820: [mem 0x000000fd00000000-0x000000ffffffffff] reserved
[    0.000000] NX (Execute Disable) protection: active
[    0.000000] APIC: Static calls initialized
[    0.000000] SMBIOS 2.8 present.
[    0.000000] DMI: QEMU Standard PC (i440FX + PIIX, 1996), BIOS rel-1.16.3-0-ga6ed6b701f0a-prebuilt.qemu.org 04/01/2014
[    0.000000] DMI: Memory slots populated: 1/1
[    0.000000] tsc: Fast TSC calibration using PIT
[    0.000000] tsc: Detected 2419.198 MHz processor
[    0.007734] e820: update [mem 0x00000000-0x00000fff] usable ==> reserved
[    0.008002] e820: remove [mem 0x000a0000-0x000fffff] usable
[    0.008238] last_pfn = 0x7ffe0 max_arch_pfn = 0x400000000
[    0.008980] MTRR map: 4 entries (3 fixed + 1 variable; max 19), built from 8 variable MTRRs
[    0.009153] x86/PAT: Configuration [0-7]: WB  WC  UC- UC  WB  WP  UC- WT  
[    0.022859] found SMP MP-table at [mem 0x000f5460-0x000f546f]
[    0.028838] ACPI: Early table checksum verification disabled
[    0.029438] ACPI: RSDP 0x00000000000F5280 000014 (v00 BOCHS )
[    0.029854] ACPI: RSDT 0x000000007FFE1CBA 000034 (v01 BOCHS  BXPC     00000001 BXPC 00000001)
[    0.030418] ACPI: FACP 0x000000007FFE1B6E 000074 (v01 BOCHS  BXPC     00000001 BXPC 00000001)
[    0.031124] ACPI: DSDT 0x000000007FFE0040 001B2E (v01 BOCHS  BXPC     00000001 BXPC 00000001)
[    0.031201] ACPI: FACS 0x000000007FFE0000 000040
[    0.031244] ACPI: APIC 0x000000007FFE1BE2 000078 (v03 BOCHS  BXPC     00000001 BXPC 00000001)
[    0.031260] ACPI: HPET 0x000000007FFE1C5A 000038 (v01 BOCHS  BXPC     00000001 BXPC 00000001)
[    0.031275] ACPI: WAET 0x000000007FFE1C92 000028 (v01 BOCHS  BXPC     00000001 BXPC 00000001)
[    0.031351] ACPI: Reserving FACP table memory at [mem 0x7ffe1b6e-0x7ffe1be1]
[    0.031400] ACPI: Reserving DSDT table memory at [mem 0x7ffe0040-0x7ffe1b6d]
[    0.031406] ACPI: Reserving FACS table memory at [mem 0x7ffe0000-0x7ffe003f]
[    0.031410] ACPI: Reserving APIC table memory at [mem 0x7ffe1be2-0x7ffe1c59]
[    0.031414] ACPI: Reserving HPET table memory at [mem 0x7ffe1c5a-0x7ffe1c91]
[    0.031417] ACPI: Reserving WAET table memory at [mem 0x7ffe1c92-0x7ffe1cb9]
[    0.034495] No NUMA configuration found
[    0.034541] Faking a node at [mem 0x0000000000000000-0x000000007ffdffff]
[    0.035344] NODE_DATA(0) allocated [mem 0x7ffdc000-0x7ffdffff]
[    0.040193] Zone ranges:
[    0.040257]   DMA      [mem 0x0000000000001000-0x0000000000ffffff]
[    0.040401]   DMA32    [mem 0x0000000001000000-0x000000007ffdffff]
[    0.040415]   Normal   empty
[    0.040456] Movable zone start for each node
[    0.040502] Early memory node ranges
[    0.040620]   node   0: [mem 0x0000000000001000-0x000000000009efff]
[    0.041026]   node   0: [mem 0x0000000000100000-0x000000007ffdffff]
[    0.041623] Initmem setup node 0 [mem 0x0000000000001000-0x000000007ffdffff]
[    0.043823] On node 0, zone DMA: 1 pages in unavailable ranges
[    0.044206] On node 0, zone DMA: 97 pages in unavailable ranges
[    0.075062] On node 0, zone DMA32: 32 pages in unavailable ranges
[    0.075873] ACPI: PM-Timer IO Port: 0x608
[    0.076230] ACPI: LAPIC_NMI (acpi_id[0xff] dfl dfl lint[0x1])
[    0.076640] IOAPIC[0]: apic_id 0, version 32, address 0xfec00000, GSI 0-23
[    0.076755] ACPI: INT_SRC_OVR (bus 0 bus_irq 0 global_irq 2 dfl dfl)
[    0.077008] ACPI: INT_SRC_OVR (bus 0 bus_irq 5 global_irq 5 high level)
[    0.077067] ACPI: INT_SRC_OVR (bus 0 bus_irq 9 global_irq 9 high level)
[    0.077159] ACPI: INT_SRC_OVR (bus 0 bus_irq 10 global_irq 10 high level)
[    0.077166] ACPI: INT_SRC_OVR (bus 0 bus_irq 11 global_irq 11 high level)
[    0.077397] ACPI: Using ACPI (MADT) for SMP configuration information
[    0.077453] ACPI: HPET id: 0x8086a201 base: 0xfed00000
[    0.077916] CPU topo: Max. logical packages:   1
[    0.077941] CPU topo: Max. logical dies:       1
[    0.077952] CPU topo: Max. dies per package:   1
[    0.078005] CPU topo: Max. threads per core:   1
[    0.078211] CPU topo: Num. cores per package:     1
[    0.078226] CPU topo: Num. threads per package:   1
[    0.078234] CPU topo: Allowing 1 present CPUs plus 0 hotplug CPUs
[    0.079305] PM: hibernation: Registered nosave memory: [mem 0x00000000-0x00000fff]
[    0.079358] PM: hibernation: Registered nosave memory: [mem 0x0009f000-0x0009ffff]
[    0.079390] PM: hibernation: Registered nosave memory: [mem 0x000a0000-0x000effff]
[    0.079396] PM: hibernation: Registered nosave memory: [mem 0x000f0000-0x000fffff]
[    0.079538] [mem 0x80000000-0xfffbffff] available for PCI devices
[    0.079605] Booting paravirtualized kernel on bare hardware
[    0.079905] clocksource: refined-jiffies: mask: 0xffffffff max_cycles: 0xffffffff, max_idle_ns: 1910969940391419 ns
[    0.094257] setup_percpu: NR_CPUS:64 nr_cpumask_bits:1 nr_cpu_ids:1 nr_node_ids:1
[    0.096399] percpu: Embedded 58 pages/cpu s199384 r8192 d29992 u2097152
[    0.096956] pcpu-alloc: s199384 r8192 d29992 u2097152 alloc=1*2097152
[    0.097073] pcpu-alloc: [0] 0 
[    0.100391] Dentry cache hash table entries: 262144 (order: 9, 2097152 bytes, linear)
[    0.100726] Inode-cache hash table entries: 131072 (order: 8, 1048576 bytes, linear)
[    0.103596] Fallback order for Node 0: 0 
[    0.104092] Built 1 zonelists, mobility grouping on.  Total pages: 524158
[    0.104116] Policy zone: DMA32
[    0.104404] mem auto-init: stack:off, heap alloc:off, heap free:off
[    0.119053] Memory: 2016528K/2096632K available (20480K kernel code, 3086K rwdata, 7736K rodata, 2848K init, 2504K bss, 79844K reserved, 0K cma-reserved)
[    0.121953] SLUB: HWalign=64, Order=0-3, MinObjects=0, CPUs=1, Nodes=1
[    0.139327] Dynamic Preempt: voluntary
[    0.144846] rcu: Preemptible hierarchical RCU implementation.
[    0.144878] rcu: 	RCU event tracing is enabled.
[    0.144915] rcu: 	RCU restricting CPUs from NR_CPUS=64 to nr_cpu_ids=1.
[    0.145767] 	Trampoline variant of Tasks RCU enabled.
[    0.145803] 	Tracing variant of Tasks RCU enabled.
[    0.145991] rcu: RCU calculated value of scheduler-enlistment delay is 100 jiffies.
[    0.146030] rcu: Adjusting geometry for rcu_fanout_leaf=16, nr_cpu_ids=1
[    0.147480] RCU Tasks: Setting shift to 0 and lim to 1 rcu_task_cb_adjust=1.
[    0.147514] RCU Tasks Trace: Setting shift to 0 and lim to 1 rcu_task_cb_adjust=1.
[    0.160135] NR_IRQS: 4352, nr_irqs: 256, preallocated irqs: 16
[    0.171527] rcu: srcu_init: Setting srcu_struct sizes based on contention.
[    0.180168] Console: colour VGA+ 80x25
[    0.182903] printk: legacy console [ttyS0] enabled
[    0.196656] ACPI: Core revision 20240322
[    0.202851] clocksource: hpet: mask: 0xffffffff max_cycles: 0xffffffff, max_idle_ns: 19112604467 ns
[    0.209905] APIC: Switch to symmetric I/O mode setup
[    0.217327] ..TIMER: vector=0x30 apic1=0 pin1=2 apic2=-1 pin2=-1
[    0.223958] clocksource: tsc-early: mask: 0xffffffffffffffff max_cycles: 0x22df0f35937, max_idle_ns: 440795269039 ns
[    0.225135] Calibrating delay loop (skipped), value calculated using timer frequency.. 4838.39 BogoMIPS (lpj=2419198)
[    0.230664] Last level iTLB entries: 4KB 512, 2MB 255, 4MB 127
[    0.230810] Last level dTLB entries: 4KB 512, 2MB 255, 4MB 127, 1GB 0
[    0.231671] Spectre V1 : Mitigation: usercopy/swapgs barriers and __user pointer sanitization
[    0.232009] Spectre V2 : Mitigation: Retpolines
[    0.232134] Spectre V2 : Spectre v2 / SpectreRSB mitigation: Filling RSB on context switch
[    0.232307] Spectre V2 : Spectre v2 / SpectreRSB : Filling RSB on VMEXIT
[    0.237050] x86/fpu: x87 FPU will use FXSAVE
[    0.619331] Freeing SMP alternatives memory: 52K
[    0.620155] pid_max: default: 32768 minimum: 301
[    0.626682] LSM: initializing lsm=capability,selinux,bpf
[    0.627646] SELinux:  Initializing.
[    0.628474] LSM support for eBPF active
[    0.634352] Mount-cache hash table entries: 4096 (order: 3, 32768 bytes, linear)
[    0.634747] Mountpoint-cache hash table entries: 4096 (order: 3, 32768 bytes, linear)
[    0.769307] smpboot: CPU0: AMD QEMU Virtual CPU version 2.5+ (family: 0xf, model: 0x6b, stepping: 0x1)
[    0.777486] Performance Events: PMU not available due to virtualization, using software events only.
[    0.778330] signal: max sigframe size: 1440
[    0.779774] rcu: Hierarchical SRCU implementation.
[    0.779877] rcu: 	Max phase no-delay instances is 400.
[    0.787444] smp: Bringing up secondary CPUs ...
[    0.789149] smp: Brought up 1 node, 1 CPU
[    0.789305] smpboot: Total of 1 processors activated (4838.39 BogoMIPS)
[    0.804456] devtmpfs: initialized
[    0.814691] clocksource: jiffies: mask: 0xffffffff max_cycles: 0xffffffff, max_idle_ns: 1911260446275000 ns
[    0.815836] futex hash table entries: 256 (order: 2, 16384 bytes, linear)
[    0.820777] PM: RTC time: 04:36:27, date: 2024-08-09
[    0.832038] NET: Registered PF_NETLINK/PF_ROUTE protocol family
[    0.835804] audit: initializing netlink subsys (disabled)
[    0.842348] thermal_sys: Registered thermal governor 'step_wise'
[    0.842391] thermal_sys: Registered thermal governor 'user_space'
[    0.843146] cpuidle: using governor menu
[    0.849733] PCI: Using configuration type 1 for base access
[    0.853356] kprobes: kprobe jump-optimization is enabled. All kprobes are optimized if possible.
[    0.864009] HugeTLB: registered 2.00 MiB page size, pre-allocated 0 pages
[    0.864553] HugeTLB: 28 KiB vmemmap can be freed for a 2.00 MiB page
[    0.873709] Demotion targets for Node 0: null
[    0.889822] ACPI: Added _OSI(Module Device)
[    0.890431] ACPI: Added _OSI(Processor Device)
[    0.890597] ACPI: Added _OSI(3.0 _SCP Extensions)
[    0.890728] ACPI: Added _OSI(Processor Aggregator Device)
[    0.916885] ACPI: 1 ACPI AML tables successfully acquired and loaded
[    0.955307] ACPI: Interpreter enabled
[    0.960198] ACPI: PM: (supports S0 S3 S4 S5)
[    0.961523] ACPI: Using IOAPIC for interrupt routing
[    0.962106] PCI: Using host bridge windows from ACPI; if necessary, use "pci=nocrs" and report a bug
[    0.962260] PCI: Using E820 reservations for host bridge windows
[    0.968483] ACPI: Enabled 2 GPEs in block 00 to 0F
[    1.017495] ACPI: PCI Root Bridge [PCI0] (domain 0000 [bus 00-ff])
[    1.018129] acpi PNP0A03:00: _OSC: OS supports [ASPM ClockPM Segments MSI HPX-Type3]
[    1.018364] acpi PNP0A03:00: _OSC: not requesting OS control; OS requires [ExtendedConfig ASPM ClockPM MSI]
[    1.019319] acpi PNP0A03:00: fail to add MMCONFIG information, can't access extended configuration space under this bridge
[    1.032770] PCI host bridge to bus 0000:00
[    1.033176] pci_bus 0000:00: root bus resource [io  0x0000-0x0cf7 window]
[    1.033565] pci_bus 0000:00: root bus resource [io  0x0d00-0xffff window]
[    1.033712] pci_bus 0000:00: root bus resource [mem 0x000a0000-0x000bffff window]
[    1.034019] pci_bus 0000:00: root bus resource [mem 0x80000000-0xfebfffff window]
[    1.034533] pci_bus 0000:00: root bus resource [mem 0x100000000-0x17fffffff window]
[    1.035124] pci_bus 0000:00: root bus resource [bus 00-ff]
[    1.041940] pci 0000:00:00.0: [8086:1237] type 00 class 0x060000 conventional PCI endpoint
[    1.060559] pci 0000:00:01.0: [8086:7000] type 00 class 0x060100 conventional PCI endpoint
[    1.062231] pci 0000:00:01.1: [8086:7010] type 00 class 0x010180 conventional PCI endpoint
[    1.065859] pci 0000:00:01.1: BAR 4 [io  0xc0a0-0xc0af]
[    1.066821] pci 0000:00:01.1: BAR 0 [io  0x01f0-0x01f7]: legacy IDE quirk
[    1.067430] pci 0000:00:01.1: BAR 1 [io  0x03f6]: legacy IDE quirk
[    1.068644] pci 0000:00:01.1: BAR 2 [io  0x0170-0x0177]: legacy IDE quirk
[    1.068810] pci 0000:00:01.1: BAR 3 [io  0x0376]: legacy IDE quirk
[    1.082671] pci 0000:00:01.2: [8086:7020] type 00 class 0x0c0300 conventional PCI endpoint
[    1.084651] pci 0000:00:01.2: BAR 4 [io  0xc080-0xc09f]
[    1.091142] pci 0000:00:01.3: [8086:7113] type 00 class 0x068000 conventional PCI endpoint
[    1.099617] pci 0000:00:01.3: quirk: [io  0x0600-0x063f] claimed by PIIX4 ACPI
[    1.099772] pci 0000:00:01.3: quirk: [io  0x0700-0x070f] claimed by PIIX4 SMB
[    1.100396] pci 0000:00:02.0: [1234:1111] type 00 class 0x030000 conventional PCI endpoint
[    1.101141] pci 0000:00:02.0: BAR 0 [mem 0xfd000000-0xfdffffff pref]
[    1.102699] pci 0000:00:02.0: BAR 2 [mem 0xfebf4000-0xfebf4fff]
[    1.106322] pci 0000:00:02.0: ROM [mem 0xfebe0000-0xfebeffff pref]
[    1.117941] pci 0000:00:02.0: Video device with shadowed ROM at [mem 0x000c0000-0x000dffff]
[    1.119510] pci 0000:00:03.0: [8086:100e] type 00 class 0x020000 conventional PCI endpoint
[    1.120307] pci 0000:00:03.0: BAR 0 [mem 0xfebc0000-0xfebdffff]
[    1.121631] pci 0000:00:03.0: BAR 1 [io  0xc000-0xc03f]
[    1.123307] pci 0000:00:03.0: ROM [mem 0xfeb80000-0xfebbffff pref]
[    1.141557] pci 0000:00:04.0: [1b36:000d] type 00 class 0x0c0330 conventional PCI endpoint
[    1.142167] pci 0000:00:04.0: BAR 0 [mem 0xfebf0000-0xfebf3fff 64bit]
[    1.149448] pci 0000:00:05.0: [1af4:1009] type 00 class 0x000200 conventional PCI endpoint
[    1.150335] pci 0000:00:05.0: BAR 0 [io  0xc040-0xc07f]
[    1.151256] pci 0000:00:05.0: BAR 1 [mem 0xfebf5000-0xfebf5fff]
[    1.151307] pci 0000:00:05.0: BAR 4 [mem 0xfe000000-0xfe003fff 64bit pref]
[    1.167422] ACPI: PCI: Interrupt link LNKA configured for IRQ 10
[    1.167921] ACPI: PCI: Interrupt link LNKB configured for IRQ 10
[    1.168240] ACPI: PCI: Interrupt link LNKC configured for IRQ 11
[    1.168587] ACPI: PCI: Interrupt link LNKD configured for IRQ 11
[    1.168862] ACPI: PCI: Interrupt link LNKS configured for IRQ 9
[    1.183458] iommu: Default domain type: Translated
[    1.183652] iommu: DMA domain TLB invalidation policy: lazy mode
[    1.187821] libata version 3.00 loaded.
[    1.188902] ACPI: bus type USB registered
[    1.189564] usbcore: registered new interface driver usbfs
[    1.189946] usbcore: registered new interface driver hub
[    1.190160] usbcore: registered new device driver usb
[    1.190367] mc: Linux media interface: v0.10
[    1.203278] videodev: Linux video capture interface: v2.00
[    1.203641] pps_core: LinuxPPS API ver. 1 registered
[    1.203772] pps_core: Software ver. 5.3.6 - Copyright 2005-2007 Rodolfo Giometti <giometti@linux.it>
[    1.203951] PTP clock support registered
[    1.208078] Advanced Linux Sound Architecture Driver Initialized.
[    1.243236] NetLabel: Initializing
[    1.243307] NetLabel:  domain hash size = 128
[    1.243307] NetLabel:  protocols = UNLABELED CIPSOv4 CALIPSO
[    1.244371] NetLabel:  unlabeled traffic allowed by default
[    1.250392] PCI: Using ACPI for IRQ routing
[    1.250629] PCI: pci_cache_line_size set to 64 bytes
[    1.251125] e820: reserve RAM buffer [mem 0x0009fc00-0x0009ffff]
[    1.251439] e820: reserve RAM buffer [mem 0x7ffe0000-0x7fffffff]
[    1.264529] pci 0000:00:02.0: vgaarb: setting as boot VGA device
[    1.264746] pci 0000:00:02.0: vgaarb: bridge control possible
[    1.264944] pci 0000:00:02.0: vgaarb: VGA device added: decodes=io+mem,owns=io+mem,locks=none
[    1.265157] vgaarb: loaded
[    1.267234] hpet: 3 channels of 0 reserved for per-cpu timers
[    1.267552] hpet0: at MMIO 0xfed00000, IRQs 2, 8, 0
[    1.267772] hpet0: 3 comparators, 64-bit 100.000000 MHz counter
[    1.282890] clocksource: Switched to clocksource tsc-early
[    1.290210] VFS: Dquot-cache hash table entries: 512 (order 0, 4096 bytes)
[    1.295170] pnp: PnP ACPI init
[    1.306463] pnp 00:02: [dma 2]
[    1.308342] pnp: PnP ACPI: found 6 devices
[    1.353746] clocksource: acpi_pm: mask: 0xffffff max_cycles: 0xffffff, max_idle_ns: 2085701024 ns
[    1.361933] NET: Registered PF_INET protocol family
[    1.364944] IP idents hash table entries: 32768 (order: 6, 262144 bytes, linear)
[    1.382601] tcp_listen_portaddr_hash hash table entries: 1024 (order: 2, 16384 bytes, linear)
[    1.383003] Table-perturb hash table entries: 65536 (order: 6, 262144 bytes, linear)
[    1.394627] TCP established hash table entries: 16384 (order: 5, 131072 bytes, linear)
[    1.395036] TCP bind hash table entries: 16384 (order: 7, 524288 bytes, linear)
[    1.395654] TCP: Hash tables configured (established 16384 bind 16384)
[    1.396545] UDP hash table entries: 1024 (order: 3, 32768 bytes, linear)
[    1.396920] UDP-Lite hash table entries: 1024 (order: 3, 32768 bytes, linear)
[    1.398615] NET: Registered PF_UNIX/PF_LOCAL protocol family
[    1.400718] RPC: Registered named UNIX socket transport module.
[    1.400826] RPC: Registered udp transport module.
[    1.400894] RPC: Registered tcp transport module.
[    1.400935] RPC: Registered tcp-with-tls transport module.
[    1.400980] RPC: Registered tcp NFSv4.1 backchannel transport module.
[    1.414281] pci_bus 0000:00: resource 4 [io  0x0000-0x0cf7 window]
[    1.414378] pci_bus 0000:00: resource 5 [io  0x0d00-0xffff window]
[    1.414456] pci_bus 0000:00: resource 6 [mem 0x000a0000-0x000bffff window]
[    1.414535] pci_bus 0000:00: resource 7 [mem 0x80000000-0xfebfffff window]
[    1.414615] pci_bus 0000:00: resource 8 [mem 0x100000000-0x17fffffff window]
[    1.415184] pci 0000:00:01.0: PIIX3: Enabling Passive Release
[    1.415367] pci 0000:00:00.0: Limiting direct PCI/PCI transfers
[    1.585848] ACPI: \_SB_.LNKD: Enabled at IRQ 11
[    1.794410] pci 0000:00:01.2: quirk_usb_early_handoff+0x0/0x7a0 took 369993 usecs
[    2.048708] pci 0000:00:04.0: quirk_usb_early_handoff+0x0/0x7a0 took 247787 usecs
[    2.048892] PCI: CLS 0 bytes, default 64
[    2.062648] workingset: timestamp_bits=56 max_order=19 bucket_order=0
[    2.068725] 9p: Installing v9fs 9p2000 file system support
[    2.131568] Block layer SCSI generic (bsg) driver version 0.4 loaded (major 250)
[    2.132088] io scheduler mq-deadline registered
[    2.132164] io scheduler kyber registered
[    2.136469] input: Power Button as /devices/LNXSYSTM:00/LNXPWRBN:00/input/input0
[    2.144620] ACPI: button: Power Button [PWRF]
[    2.252561] ACPI: \_SB_.LNKA: Enabled at IRQ 10
[    2.256747] Serial: 8250/16550 driver, 4 ports, IRQ sharing enabled
[    2.262356] 00:04: ttyS0 at I/O 0x3f8 (irq = 4, base_baud = 115200) is a 16550A
[    2.269580] Non-volatile memory driver v1.3
[    2.269730] Linux agpgart interface v0.103
[    2.271182] ACPI: bus type drm_connector registered
[    2.292095] loop: module loaded
[    2.294718] ata_piix 0000:00:01.1: version 2.13
[    2.305334] scsi host0: ata_piix
[    2.308232] scsi host1: ata_piix
[    2.308810] ata1: PATA max MWDMA2 cmd 0x1f0 ctl 0x3f6 bmdma 0xc0a0 irq 14 lpm-pol 0
[    2.308965] ata2: PATA max MWDMA2 cmd 0x170 ctl 0x376 bmdma 0xc0a8 irq 15 lpm-pol 0
[    2.316087] e100: Intel(R) PRO/100 Network Driver
[    2.316912] e100: Copyright(c) 1999-2006 Intel Corporation
[    2.317545] e1000: Intel(R) PRO/1000 Network Driver
[    2.318669] e1000: Copyright (c) 1999-2006 Intel Corporation.
[    2.412767] ACPI: \_SB_.LNKC: Enabled at IRQ 11
[    2.465596] ata2: found unknown device (class 0)
[    2.477501] ata2.00: ATAPI: QEMU DVD-ROM, 2.5+, max UDMA/100
[    2.558110] sr 1:0:0:0: [sr0] scsi3-mmc drive: 4x/4x cd/rw xa/form2 tray
[    2.558517] cdrom: Uniform CD-ROM driver Revision: 3.20
[    2.576897] sr 1:0:0:0: Attached scsi CD-ROM sr0
[    2.783854] e1000 0000:00:03.0 eth0: (PCI:33MHz:32-bit) 52:54:00:12:34:56
[    2.784563] e1000 0000:00:03.0 eth0: Intel(R) PRO/1000 Network Connection
[    2.785343] e1000e: Intel(R) PRO/1000 Network Driver
[    2.785413] e1000e: Copyright(c) 1999 - 2015 Intel Corporation.
[    2.785566] sky2: driver version 1.30
[    2.864952] uhci_hcd 0000:00:01.2: UHCI Host Controller
[    2.866210] uhci_hcd 0000:00:01.2: new USB bus registered, assigned bus number 1
[    2.866609] usb (null): enable endpoint
[    2.867020] uhci_hcd 0000:00:01.2: detected 2 ports
[    2.867982] uhci_hcd 0000:00:01.2: irq 11, io port 0x0000c080
[    2.870346] usb usb1: submitted urb:
[    2.870460] usb usb1: pipe:2147484032d,stream:0d
[    2.870665] usb usb1: control request! transfer flag:0
[    2.870983] usb usb1: req type:80
[    2.871266] usb usb1: req6
[    2.871323] usb usb1: index:0
[    2.871367] usb usb1: value:100
[    2.871410] usb usb1: length:12
[    2.874560] usb usb1: submitted urb:
[    2.874661] usb usb1: pipe:2147484032d,stream:0d
[    2.874814] usb usb1: control request! transfer flag:0
[    2.874929] usb usb1: req type:80
[    2.874969] usb usb1: req6
[    2.875444] usb usb1: index:0
[    2.875763] usb usb1: value:200
[    2.875851] usb usb1: length:9
[    2.877117] usb usb1: submitted urb:
[    2.877503] usb usb1: pipe:2147484032d,stream:0d
[    2.877573] usb usb1: control request! transfer flag:0
[    2.877755] usb usb1: req type:80
[    2.877839] usb usb1: req6
[    2.877880] usb usb1: index:0
[    2.877916] usb usb1: value:200
[    2.878091] usb usb1: length:19
[    2.880719] usb usb1: submitted urb:
[    2.880850] usb usb1: pipe:2147484032d,stream:0d
[    2.880922] usb usb1: control request! transfer flag:0
[    2.881014] usb usb1: req type:80
[    2.881067] usb usb1: req6
[    2.881067] usb usb1: index:0
[    2.881067] usb usb1: value:300
[    2.881067] usb usb1: length:ff
[    2.881894] usb usb1: submitted urb:
[    2.881994] usb usb1: pipe:2147484032d,stream:0d
[    2.882065] usb usb1: control request! transfer flag:0
[    2.882602] usb usb1: req type:80
[    2.882727] usb usb1: req6
[    2.882780] usb usb1: index:409
[    2.882856] usb usb1: value:302
[    2.882926] usb usb1: length:ff
[    2.883688] usb usb1: submitted urb:
[    2.883793] usb usb1: pipe:2147484032d,stream:0d
[    2.883857] usb usb1: control request! transfer flag:0
[    2.883918] usb usb1: req type:80
[    2.883966] usb usb1: req6
[    2.884126] usb usb1: index:409
[    2.884771] usb usb1: value:303
[    2.884865] usb usb1: length:ff
[    2.885075] usb usb1: submitted urb:
[    2.885541] usb usb1: pipe:2147484032d,stream:0d
[    2.885640] usb usb1: control request! transfer flag:0
[    2.885725] usb usb1: req type:80
[    2.885774] usb usb1: req6
[    2.885820] usb usb1: index:409
[    2.885860] usb usb1: value:301
[    2.885899] usb usb1: length:ff
[    2.886382] usb usb1: New USB device found, idVendor=1d6b, idProduct=0001, bcdDevice= 6.10
[    2.886556] usb usb1: New USB device strings: Mfr=3, Product=2, SerialNumber=1
[    2.886668] usb usb1: Product: UHCI Host Controller
[    2.886735] usb usb1: Manufacturer: Linux 6.10.0 uhci_hcd
[    2.886832] usb usb1: SerialNumber: 0000:00:01.2
[    2.889612] usb usb1: usb choose configuration!
[    2.890635] usb usb1: configuration #1 chosen from 1 choice
[    2.890906] usb usb1: set configuration 1
[    2.893084] usb usb1: enable endpoint
[    2.894517] usb usb1: submitted urb:
[    2.894632] usb usb1: pipe:2147483904d,stream:0d
[    2.894712] usb usb1: control request! transfer flag:0
[    2.894833] usb usb1: req type:0
[    2.894912] usb usb1: req9
[    2.895212] usb usb1: index:0
[    2.895382] usb usb1: value:1
[    2.895441] usb usb1: length:0
[    2.897748] hub 1-0:1.0: USB hub found
[    2.898090] usb usb1: submitted urb:
[    2.898108] usb usb1: pipe:2147484032d,stream:0d
[    2.898108] usb usb1: control request! transfer flag:0
[    2.898715] usb usb1: req type:a0
[    2.898775] usb usb1: req6
[    2.898823] usb usb1: index:0
[    2.898864] usb usb1: value:2900
[    2.898905] usb usb1: length:f
[    2.899830] hub 1-0:1.0: 2 ports detected
[    2.900160] usb usb1: submitted urb:
[    2.900236] usb usb1: pipe:2147484032d,stream:0d
[    2.900311] usb usb1: control request! transfer flag:0
[    2.900572] usb usb1: req type:80
[    2.900659] usb usb1: req0
[    2.900701] usb usb1: index:0
[    2.900739] usb usb1: value:0
[    2.900776] usb usb1: length:2
[    2.901210] usb usb1: submitted urb:
[    2.901307] usb usb1: pipe:2147484032d,stream:0d
[    2.901377] usb usb1: control request! transfer flag:0
[    2.901442] usb usb1: req type:a0
[    2.901482] usb usb1: req0
[    2.901521] usb usb1: index:0
[    2.901591] usb usb1: value:0
[    2.901702] usb usb1: length:4
[    2.904463] usb usb1: submitted urb:
[    2.904567] usb usb1: pipe:2147483904d,stream:0d
[    2.904639] usb usb1: control request! transfer flag:0
[    2.904726] usb usb1: req type:23
[    2.904773] usb usb1: req3
[    2.904819] usb usb1: index:1
[    2.904855] usb usb1: value:8
[    2.904891] usb usb1: length:0
[    2.905378] usb usb1: submitted urb:
[    2.905680] usb usb1: pipe:2147483904d,stream:0d
[    2.905765] usb usb1: control request! transfer flag:0
[    2.905865] usb usb1: req type:23
[    2.905958] usb usb1: req3
[    2.906010] usb usb1: index:2
[    2.906052] usb usb1: value:8
[    2.906094] usb usb1: length:0
[    2.909354] usb usb1: submitted urb:
[    2.909488] usb usb1: pipe:2147484032d,stream:0d
[    2.909667] usb usb1: control request! transfer flag:0
[    2.909739] usb usb1: req type:a3
[    2.909805] usb usb1: req0
[    2.909894] usb usb1: index:1
[    2.909947] usb usb1: value:0
[    2.909996] usb usb1: length:4
[    2.912566] usb usb1: submitted urb:
[    2.912631] usb usb1: pipe:2147484032d,stream:0d
[    2.912673] usb usb1: control request! transfer flag:0
[    2.912711] usb usb1: req type:a3
[    2.912738] usb usb1: req0
[    2.912769] usb usb1: index:2
[    2.912796] usb usb1: value:0
[    2.912843] usb usb1: length:4
[    2.912987] usb usb1: submitted urb:
[    2.913045] usb usb1: pipe:1077969280d,stream:0d
[    3.015448] xhci_hcd 0000:00:04.0: xHCI Host Controller
[    3.016043] xhci_hcd 0000:00:04.0: new USB bus registered, assigned bus number 2
[    3.016043] usb (null): enable endpoint
[    3.017045] xhci_hcd 0000:00:04.0: xhci_reset
[    3.019722] xhci_hcd 0000:00:04.0: hcc params 0x00087001 hci version 0x100 quirks 0x0000000000000010
[    3.030862] xhci_hcd 0000:00:04.0: xHCI Host Controller
[    3.031822] xhci_hcd 0000:00:04.0: new USB bus registered, assigned bus number 3
[    3.032006] usb (null): enable endpoint
[    3.032489] xhci_hcd 0000:00:04.0: Host supports USB 3.0 SuperSpeed
[    3.033078] xhci_hcd 0000:00:04.0: xhci_start
[    3.033467] usb usb2: submitted urb:
[    3.033588] usb usb2: pipe:2147484032d,stream:0d
[    3.033637] usb usb2: control request! transfer flag:0
[    3.033688] usb usb2: req type:80
[    3.033719] usb usb2: req6
[    3.033763] usb usb2: index:0
[    3.033797] usb usb2: value:100
[    3.033831] usb usb2: length:12
[    3.034226] usb usb2: submitted urb:
[    3.034779] usb usb2: pipe:2147484032d,stream:0d
[    3.034889] usb usb2: control request! transfer flag:0
[    3.034989] usb usb2: req type:80
[    3.035268] usb usb2: req6
[    3.035352] usb usb2: index:0
[    3.035399] usb usb2: value:200
[    3.035449] usb usb2: length:9
[    3.035753] usb usb2: submitted urb:
[    3.035856] usb usb2: pipe:2147484032d,stream:0d
[    3.035960] usb usb2: control request! transfer flag:0
[    3.036073] usb usb2: req type:80
[    3.036159] usb usb2: req6
[    3.036394] usb usb2: index:0
[    3.036456] usb usb2: value:200
[    3.036512] usb usb2: length:19
[    3.036869] usb usb2: submitted urb:
[    3.036980] usb usb2: pipe:2147484032d,stream:0d
[    3.037048] usb usb2: control request! transfer flag:0
[    3.037118] usb usb2: req type:80
[    3.037289] usb usb2: req6
[    3.037358] usb usb2: index:0
[    3.037403] usb usb2: value:300
[    3.037463] usb usb2: length:ff
[    3.037712] usb usb2: submitted urb:
[    3.037784] usb usb2: pipe:2147484032d,stream:0d
[    3.037842] usb usb2: control request! transfer flag:0
[    3.037913] usb usb2: req type:80
[    3.037968] usb usb2: req6
[    3.038038] usb usb2: index:409
[    3.038122] usb usb2: value:302
[    3.038181] usb usb2: length:ff
[    3.038615] usb usb2: submitted urb:
[    3.038725] usb usb2: pipe:2147484032d,stream:0d
[    3.038814] usb usb2: control request! transfer flag:0
[    3.038896] usb usb2: req type:80
[    3.038956] usb usb2: req6
[    3.039026] usb usb2: index:409
[    3.039087] usb usb2: value:303
[    3.039153] usb usb2: length:ff
[    3.039520] usb usb2: submitted urb:
[    3.039610] usb usb2: pipe:2147484032d,stream:0d
[    3.039674] usb usb2: control request! transfer flag:0
[    3.039744] usb usb2: req type:80
[    3.039796] usb usb2: req6
[    3.039854] usb usb2: index:409
[    3.039895] usb usb2: value:301
[    3.039929] usb usb2: length:ff
[    3.040026] usb usb2: New USB device found, idVendor=1d6b, idProduct=0002, bcdDevice= 6.10
[    3.040132] usb usb2: New USB device strings: Mfr=3, Product=2, SerialNumber=1
[    3.040329] usb usb2: Product: xHCI Host Controller
[    3.040543] usb usb2: Manufacturer: Linux 6.10.0 xhci-hcd
[    3.040622] usb usb2: SerialNumber: 0000:00:04.0
[    3.041850] usb usb2: usb choose configuration!
[    3.041923] usb usb2: configuration #1 chosen from 1 choice
[    3.041974] usb usb2: set configuration 1
[    3.042452] usb usb2: enable endpoint
[    3.042594] xhci_hcd 0000:00:04.0: xhci_endpoint_reset
[    3.042812] usb usb2: submitted urb:
[    3.042896] usb usb2: pipe:2147483904d,stream:0d
[    3.042968] usb usb2: control request! transfer flag:0
[    3.043032] usb usb2: req type:0
[    3.043075] usb usb2: req9
[    3.043134] usb usb2: index:0
[    3.043176] usb usb2: value:1
[    3.043525] usb usb2: length:0
[    3.043884] hub 2-0:1.0: USB hub found
[    3.044032] usb usb2: submitted urb:
[    3.044091] usb usb2: pipe:2147484032d,stream:0d
[    3.044158] usb usb2: control request! transfer flag:0
[    3.044383] usb usb2: req type:a0
[    3.044456] usb usb2: req6
[    3.044503] usb usb2: index:0
[    3.044567] usb usb2: value:2900
[    3.044620] usb usb2: length:f
[    3.045435] hub 2-0:1.0: 4 ports detected
[    3.045576] usb usb2: submitted urb:
[    3.045658] usb usb2: pipe:2147484032d,stream:0d
[    3.045735] usb usb2: control request! transfer flag:0
[    3.045802] usb usb2: req type:80
[    3.045837] usb usb2: req0
[    3.045866] usb usb2: index:0
[    3.045898] usb usb2: value:0
[    3.045933] usb usb2: length:2
[    3.046045] usb usb2: submitted urb:
[    3.046108] usb usb2: pipe:2147484032d,stream:0d
[    3.046170] usb usb2: control request! transfer flag:0
[    3.046233] usb usb2: req type:a0
[    3.046545] usb usb2: req0
[    3.046857] usb usb2: index:0
[    3.046995] usb usb2: value:0
[    3.047658] usb usb2: length:4
[    3.048846] usb usb2: submitted urb:
[    3.048937] usb usb2: pipe:2147483904d,stream:0d
[    3.048991] usb usb2: control request! transfer flag:0
[    3.049045] usb usb2: req type:23
[    3.049084] usb usb2: req3
[    3.049119] usb usb2: index:1
[    3.049132] usb usb2: value:8
[    3.049132] usb usb2: length:0
[    3.050035] usb usb2: submitted urb:
[    3.050120] usb usb2: pipe:2147483904d,stream:0d
[    3.050378] usb usb2: control request! transfer flag:0
[    3.050470] usb usb2: req type:23
[    3.050512] usb usb2: req3
[    3.050543] usb usb2: index:2
[    3.050661] usb usb2: value:8
[    3.050816] usb usb2: length:0
[    3.051049] usb usb2: submitted urb:
[    3.051110] usb usb2: pipe:2147483904d,stream:0d
[    3.051586] usb usb2: control request! transfer flag:0
[    3.051760] usb usb2: req type:23
[    3.051846] usb usb2: req3
[    3.051891] usb usb2: index:3
[    3.051954] usb usb2: value:8
[    3.052235] usb usb2: length:0
[    3.052381] usb usb2: submitted urb:
[    3.052461] usb usb2: pipe:2147483904d,stream:0d
[    3.052550] usb usb2: control request! transfer flag:0
[    3.052618] usb usb2: req type:23
[    3.052666] usb usb2: req3
[    3.052702] usb usb2: index:4
[    3.052745] usb usb2: value:8
[    3.052800] usb usb2: length:0
[    3.053574] usb usb3: submitted urb:
[    3.053641] usb usb3: pipe:2147484032d,stream:0d
[    3.053685] usb usb3: control request! transfer flag:0
[    3.053727] usb usb3: req type:80
[    3.053756] usb usb3: req6
[    3.053802] usb usb3: index:0
[    3.053852] usb usb3: value:100
[    3.053888] usb usb3: length:12
[    3.054039] usb usb3: submitted urb:
[    3.054089] usb usb3: pipe:2147484032d,stream:0d
[    3.054159] usb usb3: control request! transfer flag:0
[    3.054334] usb usb3: req type:80
[    3.054395] usb usb3: req6
[    3.054435] usb usb3: index:0
[    3.054469] usb usb3: value:f00
[    3.054508] usb usb3: length:5
[    3.054908] usb usb3: submitted urb:
[    3.054993] usb usb3: pipe:2147484032d,stream:0d
[    3.055078] usb usb3: control request! transfer flag:0
[    3.055360] usb usb3: req type:80
[    3.055447] usb usb3: req6
[    3.055518] usb usb3: index:0
[    3.055627] usb usb3: value:f00
[    3.055680] usb usb3: length:f
[    3.056051] usb usb3: We don't know the algorithms for LPM for this host, disabling LPM.
[    3.056325] usb usb3: submitted urb:
[    3.056424] usb usb3: pipe:2147484032d,stream:0d
[    3.056773] usb usb3: control request! transfer flag:0
[    3.056894] usb usb3: req type:80
[    3.056939] usb usb3: req6
[    3.056976] usb usb3: index:0
[    3.057043] usb usb3: value:200
[    3.057119] usb usb3: length:9
[    3.057641] tsc: Refined TSC clocksource calibration: 2419.204 MHz
[    3.058223] clocksource: tsc: mask: 0xffffffffffffffff max_cycles: 0x22df14d9973, max_idle_ns: 440795285767 ns
[    3.058533] usb usb3: submitted urb:
[    3.058598] usb usb3: pipe:2147484032d,stream:0d
[    3.058677] usb usb3: control request! transfer flag:0
[    3.058761] usb usb3: req type:80
[    3.058847] usb usb3: req6
[    3.058890] usb usb3: index:0
[    3.058947] usb usb3: value:200
[    3.059001] usb usb3: length:1f
[    3.059382] clocksource: Switched to clocksource tsc
[    3.059944] usb usb3: submitted urb:
[    3.060016] usb usb3: pipe:2147484032d,stream:0d
[    3.060100] usb usb3: control request! transfer flag:0
[    3.060186] usb usb3: req type:80
[    3.060264] usb usb3: req6
[    3.060290] usb usb3: index:0
[    3.060290] usb usb3: value:300
[    3.060632] usb usb3: length:ff
[    3.060792] usb usb3: submitted urb:
[    3.060851] usb usb3: pipe:2147484032d,stream:0d
[    3.060907] usb usb3: control request! transfer flag:0
[    3.060989] usb usb3: req type:80
[    3.061063] usb usb3: req6
[    3.061136] usb usb3: index:409
[    3.061198] usb usb3: value:302
[    3.061406] usb usb3: length:ff
[    3.061512] usb usb3: submitted urb:
[    3.061658] usb usb3: pipe:2147484032d,stream:0d
[    3.061750] usb usb3: control request! transfer flag:0
[    3.061850] usb usb3: req type:80
[    3.061911] usb usb3: req6
[    3.061980] usb usb3: index:409
[    3.062032] usb usb3: value:303
[    3.062102] usb usb3: length:ff
[    3.062206] usb usb3: submitted urb:
[    3.062258] usb usb3: pipe:2147484032d,stream:0d
[    3.062536] usb usb3: control request! transfer flag:0
[    3.062622] usb usb3: req type:80
[    3.062690] usb usb3: req6
[    3.062766] usb usb3: index:409
[    3.062817] usb usb3: value:301
[    3.062880] usb usb3: length:ff
[    3.063008] usb usb3: New USB device found, idVendor=1d6b, idProduct=0003, bcdDevice= 6.10
[    3.063682] usb usb3: New USB device strings: Mfr=3, Product=2, SerialNumber=1
[    3.063817] usb usb3: Product: xHCI Host Controller
[    3.063899] usb usb3: Manufacturer: Linux 6.10.0 xhci-hcd
[    3.063955] usb usb3: SerialNumber: 0000:00:04.0
[    3.064816] usb usb3: usb choose configuration!
[    3.064907] usb usb3: configuration #1 chosen from 1 choice
[    3.064984] usb usb3: set configuration 1
[    3.065078] usb usb3: enable endpoint
[    3.065190] xhci_hcd 0000:00:04.0: xhci_endpoint_reset
[    3.065541] usb usb3: submitted urb:
[    3.065604] usb usb3: pipe:2147483904d,stream:0d
[    3.065705] usb usb3: control request! transfer flag:0
[    3.065794] usb usb3: req type:0
[    3.065842] usb usb3: req9
[    3.065879] usb usb3: index:0
[    3.065916] usb usb3: value:1
[    3.065953] usb usb3: length:0
[    3.066601] hub 3-0:1.0: USB hub found
[    3.066709] usb usb3: submitted urb:
[    3.066781] usb usb3: pipe:2147484032d,stream:0d
[    3.066867] usb usb3: control request! transfer flag:0
[    3.066945] usb usb3: req type:a0
[    3.067005] usb usb3: req6
[    3.067060] usb usb3: index:0
[    3.068006] usb usb3: value:2a00
[    3.068476] usb usb3: length:c
[    3.068954] hub 3-0:1.0: 4 ports detected
[    3.069083] usb usb3: submitted urb:
[    3.069134] usb usb3: pipe:2147484032d,stream:0d
[    3.069522] usb usb3: control request! transfer flag:0
[    3.069613] usb usb3: req type:80
[    3.069833] usb usb3: req0
[    3.069934] usb usb3: index:0
[    3.069978] usb usb3: value:0
[    3.070012] usb usb3: length:2
[    3.070146] usb usb3: submitted urb:
[    3.070383] usb usb3: pipe:2147484032d,stream:0d
[    3.070556] usb usb3: control request! transfer flag:0
[    3.070627] usb usb3: req type:a0
[    3.070674] usb usb3: req0
[    3.070713] usb usb3: index:0
[    3.070759] usb usb3: value:0
[    3.070818] usb usb3: length:4
[    3.071889] usb usb3: submitted urb:
[    3.071978] usb usb3: pipe:2147483904d,stream:0d
[    3.072070] usb usb3: control request! transfer flag:0
[    3.072389] usb usb3: req type:23
[    3.072487] usb usb3: req3
[    3.072565] usb usb3: index:1
[    3.072641] usb usb3: value:8
[    3.072699] usb usb3: length:0
[    3.072897] usb usb3: submitted urb:
[    3.072974] usb usb3: pipe:2147483904d,stream:0d
[    3.073441] usb usb3: control request! transfer flag:0
[    3.073577] usb usb3: req type:23
[    3.073689] usb usb3: req3
[    3.073767] usb usb3: index:2
[    3.073813] usb usb3: value:8
[    3.073851] usb usb3: length:0
[    3.073910] usb usb2: submitted urb:
[    3.073962] usb usb2: pipe:2147484032d,stream:0d
[    3.074051] usb usb2: control request! transfer flag:0
[    3.074201] usb usb2: req type:a3
[    3.074451] usb usb2: req0
[    3.074511] usb usb2: index:1
[    3.074708] usb usb2: value:0
[    3.074784] usb usb2: length:4
[    3.075321] usb usb3: submitted urb:
[    3.075417] usb usb3: pipe:2147483904d,stream:0d
[    3.075488] usb usb3: control request! transfer flag:0
[    3.075571] usb usb3: req type:23
[    3.075637] usb usb3: req3
[    3.075681] usb usb3: index:3
[    3.075725] usb usb3: value:8
[    3.075779] usb usb3: length:0
[    3.076207] usb usb3: submitted urb:
[    3.076682] usb usb3: pipe:2147483904d,stream:0d
[    3.076755] usb usb3: control request! transfer flag:0
[    3.076827] usb usb3: req type:23
[    3.076876] usb usb3: req3
[    3.077025] usb usb3: index:4
[    3.077251] usb usb3: value:8
[    3.077335] usb usb3: length:0
[    3.077470] usb usb2: submitted urb:
[    3.077510] usb usb2: pipe:2147483904d,stream:0d
[    3.077556] usb usb2: control request! transfer flag:0
[    3.077636] usb usb2: req type:23
[    3.077697] usb usb2: req1
[    3.077733] usb usb2: index:1
[    3.077764] usb usb2: value:10
[    3.077794] usb usb2: length:0
[    3.078073] usb usb2: submitted urb:
[    3.078514] usb usb2: pipe:2147484032d,stream:0d
[    3.078632] usb usb2: control request! transfer flag:0
[    3.078698] usb usb2: req type:a3
[    3.078742] usb usb2: req0
[    3.078933] usb usb2: index:2
[    3.079028] usb usb2: value:0
[    3.079229] usb usb2: length:4
[    3.080219] usb usb2: submitted urb:
[    3.080311] usb usb2: pipe:2147483904d,stream:0d
[    3.080401] usb usb2: control request! transfer flag:0
[    3.080584] usb usb2: req type:23
[    3.080641] usb usb2: req1
[    3.080675] usb usb2: index:2
[    3.080704] usb usb2: value:10
[    3.080737] usb usb2: length:0
[    3.080846] usbcore: registered new interface driver usblp
[    3.081011] usbcore: registered new interface driver cdc_wdm
[    3.081076] usbcore: registered new interface driver usbtmc
[    3.081499] usbcore: registered new interface driver usb-storage
[    3.082245] usb usb2: submitted urb:
[    3.082307] usb usb2: pipe:2147484032d,stream:0d
[    3.082354] usb usb2: control request! transfer flag:0
[    3.082397] usb usb2: req type:a3
[    3.082430] usb usb2: req0
[    3.082458] usb usb2: index:3
[    3.082483] usb usb2: value:0
[    3.082513] usb usb2: length:4
[    3.082626] usb usb2: submitted urb:
[    3.082686] usb usb2: pipe:2147483904d,stream:0d
[    3.082739] usb usb2: control request! transfer flag:0
[    3.082793] usb usb2: req type:23
[    3.082830] usb usb2: req1
[    3.082858] usb usb2: index:3
[    3.082894] usb usb2: value:10
[    3.082970] usb usb2: length:0
[    3.083064] usb usb2: submitted urb:
[    3.083086] usb usb2: pipe:2147484032d,stream:0d
[    3.083414] usb usb2: control request! transfer flag:0
[    3.083537] usb usb2: req type:a3
[    3.083582] usb usb2: req0
[    3.083616] usb usb2: index:4
[    3.083649] usb usb2: value:0
[    3.083682] usb usb2: length:4
[    3.083763] usb usb2: submitted urb:
[    3.083833] usb usb2: pipe:2147483904d,stream:0d
[    3.083912] usb usb2: control request! transfer flag:0
[    3.083988] usb usb2: req type:23
[    3.084385] usb usb2: req1
[    3.084488] usb usb2: index:4
[    3.084541] usb usb2: value:10
[    3.084579] usb usb2: length:0
[    3.085174] usbcore: registered new interface driver usbtest
[    3.086020] i8042: PNP: PS/2 Controller [PNP0303:KBD,PNP0f13:MOU] at 0x60,0x64 irq 1,12
[    3.090374] serio: i8042 KBD port at 0x60,0x64 irq 1
[    3.090748] serio: i8042 AUX port at 0x60,0x64 irq 12
[    3.093699] mousedev: PS/2 mouse device common for all mice
[    3.095368] usbcore: registered new interface driver synaptics_usb
[    3.095762] rtc_cmos 00:05: RTC can wake from S4
[    3.102509] input: AT Translated Set 2 keyboard as /devices/platform/i8042/serio0/input/input1
[    3.105551] rtc_cmos 00:05: registered as rtc0
[    3.108529] rtc_cmos 00:05: alarms up to one day, y3k, 242 bytes nvram, hpet irqs
[    3.112719] usbcore: registered new interface driver uvcvideo
[    3.113004] fail to initialize ptp_kvm
[    3.116006] device-mapper: ioctl: 4.48.0-ioctl (2023-03-01) initialised: dm-devel@lists.linux.dev
[    3.116931] amd_pstate: the _CPC object is not present in SBIOS or ACPI disabled
[    3.118814] hid: raw HID events driver (C) Jiri Kosina
[    3.120850] usbcore: registered new interface driver usbhid
[    3.120992] usbhid: USB HID core driver
[    3.133839] Initializing XFRM netlink socket
[    3.135026] NET: Registered PF_INET6 protocol family
[    3.148073] Segment Routing with IPv6
[    3.148569] In-situ OAM (IOAM) with IPv6
[    3.151702] sit: IPv6, IPv4 and MPLS over IPv4 tunneling driver
[    3.156087] NET: Registered PF_PACKET protocol family
[    3.158008] 9pnet: Installing 9P2000 support
[    3.165399] IPI shorthand broadcast: enabled
[    3.185553] usb usb2: submitted urb:
[    3.185680] usb usb2: pipe:1077969280d,stream:0d
[    3.185875] usb usb3: submitted urb:
[    3.185983] usb usb3: pipe:2147484032d,stream:0d
[    3.186058] usb usb3: control request! transfer flag:0
[    3.186153] usb usb3: req type:a3
[    3.186347] usb usb3: req0
[    3.186412] usb usb3: index:1
[    3.186449] usb usb3: value:0
[    3.186480] usb usb3: length:4
[    3.187369] usb usb3: submitted urb:
[    3.187452] usb usb3: pipe:2147483904d,stream:0d
[    3.187515] usb usb3: control request! transfer flag:0
[    3.187600] usb usb3: req type:23
[    3.187651] usb usb3: req1
[    3.187774] usb usb3: index:1
[    3.188140] usb usb3: value:10
[    3.188667] usb usb3: length:0
[    3.189369] sched_clock: Marking stable (3153080624, 35994441)->(3208368660, -19293595)
[    3.190862] usb usb3: submitted urb:
[    3.190970] usb usb3: pipe:2147484032d,stream:0d
[    3.191021] usb usb3: control request! transfer flag:0
[    3.191070] usb usb3: req type:a3
[    3.191125] usb usb3: req0
[    3.191163] usb usb3: index:2
[    3.191197] usb usb3: value:0
[    3.191231] usb usb3: length:4
[    3.191768] usb usb3: submitted urb:
[    3.191849] usb usb3: pipe:2147483904d,stream:0d
[    3.192029] usb usb3: control request! transfer flag:0
[    3.192359] usb usb3: req type:23
[    3.192441] usb usb3: req1
[    3.193554] usb usb3: index:2
[    3.193668] usb usb3: value:10
[    3.193761] usb usb3: length:0
[    3.195635] registered taskstats version 1
[    3.196880] usb usb3: submitted urb:
[    3.197002] usb usb3: pipe:2147484032d,stream:0d
[    3.197069] usb usb3: control request! transfer flag:0
[    3.197165] usb usb3: req type:a3
[    3.197449] usb usb3: req0
[    3.197536] usb usb3: index:3
[    3.197587] usb usb3: value:0
[    3.197630] usb usb3: length:4
[    3.197849] usb usb3: submitted urb:
[    3.197934] usb usb3: pipe:2147483904d,stream:0d
[    3.198036] usb usb3: control request! transfer flag:0
[    3.198334] usb usb3: req type:23
[    3.198436] usb usb3: req1
[    3.198486] usb usb3: index:3
[    3.198532] usb usb3: value:10
[    3.198598] usb usb3: length:0
[    3.199684] usb usb3: submitted urb:
[    3.199800] usb usb3: pipe:2147484032d,stream:0d
[    3.199866] usb usb3: control request! transfer flag:0
[    3.199929] usb usb3: req type:a3
[    3.199971] usb usb3: req0
[    3.200011] usb usb3: index:4
[    3.200057] usb usb3: value:0
[    3.200151] usb usb3: length:4
[    3.201242] usb usb3: submitted urb:
[    3.201348] usb usb3: pipe:2147483904d,stream:0d
[    3.201430] usb usb3: control request! transfer flag:0
[    3.201506] usb usb3: req type:23
[    3.201572] usb usb3: req1
[    3.201656] usb usb3: index:4
[    3.201716] usb usb3: value:10
[    3.201776] usb usb3: length:0
[    3.203540] usb usb2: submitted urb:
[    3.203658] usb usb2: pipe:2147484032d,stream:0d
[    3.203731] usb usb2: control request! transfer flag:0
[    3.203805] usb usb2: req type:a3
[    3.203855] usb usb2: req0
[    3.203899] usb usb2: index:1
[    3.203959] usb usb2: value:0
[    3.204060] usb usb2: length:4
[    3.207434] usb usb2: submitted urb:
[    3.207529] usb usb2: pipe:2147484032d,stream:0d
[    3.207633] usb usb2: control request! transfer flag:0
[    3.207749] usb usb2: req type:a3
[    3.207892] usb usb2: req0
[    3.207943] usb usb2: index:2
[    3.208015] usb usb2: value:0
[    3.208093] usb usb2: length:4
[    3.208574] usb usb2: submitted urb:
[    3.208689] usb usb2: pipe:2147484032d,stream:0d
[    3.208838] usb usb2: control request! transfer flag:0
[    3.209016] usb usb2: req type:a3
[    3.209148] usb usb2: req0
[    3.209396] usb usb2: index:3
[    3.209482] usb usb2: value:0
[    3.209533] usb usb2: length:4
[    3.211646] usb usb2: submitted urb:
[    3.211937] usb usb2: pipe:2147484032d,stream:0d
[    3.212113] usb usb2: control request! transfer flag:0
[    3.212381] usb usb2: req type:a3
[    3.212569] usb usb2: req0
[    3.212639] usb usb2: index:4
[    3.212707] usb usb2: value:0
[    3.212789] usb usb2: length:4
[    3.222010] Demotion targets for Node 0: null
[    3.224081] usb usb2: submitted urb:
[    3.224188] usb usb2: pipe:2147484032d,stream:0d
[    3.224259] usb usb2: control request! transfer flag:0
[    3.224507] usb usb2: req type:a3
[    3.224627] usb usb2: req0
[    3.224708] usb usb2: index:1
[    3.224799] usb usb2: value:0
[    3.224852] usb usb2: length:4
[    3.226697] usb usb2: submitted urb:
[    3.226774] usb usb2: pipe:2147484032d,stream:0d
[    3.226857] usb usb2: control request! transfer flag:0
[    3.226934] usb usb2: req type:a3
[    3.226985] usb usb2: req0
[    3.227141] usb usb2: index:2
[    3.227219] usb usb2: value:0
[    3.227269] usb usb2: length:4
[    3.227529] usb usb2: submitted urb:
[    3.227692] usb usb2: pipe:2147484032d,stream:0d
[    3.227774] usb usb2: control request! transfer flag:0
[    3.227848] usb usb2: req type:a3
[    3.227894] usb usb2: req0
[    3.227944] usb usb2: index:3
[    3.228011] usb usb2: value:0
[    3.228106] usb usb2: length:4
[    3.229472] usb usb2: submitted urb:
[    3.230124] usb usb2: pipe:2147484032d,stream:0d
[    3.230227] usb usb2: control request! transfer flag:0
[    3.230538] usb usb2: req type:a3
[    3.230612] usb usb2: req0
[    3.230691] usb usb2: index:4
[    3.230770] usb usb2: value:0
[    3.230841] usb usb2: length:4
[    3.232283] PM:   Magic number: 4:690:615
[    3.233391] usb usb2: submitted urb:
[    3.233529] usb usb2: pipe:1077969280d,stream:0d
[    3.234202] printk: legacy console [netcon0] enabled
[    3.234652] netconsole: network logging started
[    3.240100] usb usb2: submitted urb:
[    3.240167] usb usb2: pipe:2147484032d,stream:0d
[    3.240255] usb usb2: control request! transfer flag:0
[    3.240334] usb usb2: req type:a3
[    3.240405] usb usb2: req0
[    3.240469] usb usb2: index:1
[    3.240515] usb usb2: value:0
[    3.240576] usb usb2: length:4
[    3.243356] usb usb2: submitted urb:
[    3.243430] usb usb2: pipe:2147484032d,stream:0d
[    3.243502] usb usb2: control request! transfer flag:0
[    3.243580] usb usb2: req type:a3
[    3.243652] usb usb2: req0
[    3.243712] usb usb2: index:2
[    3.243777] usb usb2: value:0
[    3.243834] usb usb2: length:4
[    3.243974] usb usb2: submitted urb:
[    3.244047] usb usb2: pipe:2147484032d,stream:0d
[    3.244132] usb usb2: control request! transfer flag:0
[    3.244212] usb usb2: req type:a3
[    3.244436] usb usb2: req0
[    3.244510] usb usb2: index:3
[    3.244587] usb usb2: value:0
[    3.244644] usb usb2: length:4
[    3.246216] usb usb2: submitted urb:
[    3.246291] usb usb2: pipe:2147484032d,stream:0d
[    3.246370] usb usb2: control request! transfer flag:0
[    3.246434] usb usb2: req type:a3
[    3.246477] usb usb2: req0
[    3.246514] usb usb2: index:4
[    3.246562] usb usb2: value:0
[    3.246611] usb usb2: length:4
[    3.246752] usb usb2: submitted urb:
[    3.246868] usb usb2: pipe:1077969280d,stream:0d
[    3.249683] kworker/u4:0 (49) used greatest stack depth: 14512 bytes left
[    3.254441] usb usb2: submitted urb:
[    3.254511] usb usb2: pipe:2147484032d,stream:0d
[    3.254580] usb usb2: control request! transfer flag:0
[    3.254668] usb usb2: req type:a3
[    3.254732] usb usb2: req0
[    3.254801] usb usb2: index:1
[    3.254871] usb usb2: value:0
[    3.254930] usb usb2: length:4
[    3.257301] usb usb2: submitted urb:
[    3.257370] usb usb2: pipe:2147484032d,stream:0d
[    3.257438] usb usb2: control request! transfer flag:0
[    3.257523] usb usb2: req type:a3
[    3.257579] usb usb2: req0
[    3.257631] usb usb2: index:2
[    3.257666] usb usb2: value:0
[    3.257700] usb usb2: length:4
[    3.257791] usb usb2: submitted urb:
[    3.257838] usb usb2: pipe:2147484032d,stream:0d
[    3.257891] usb usb2: control request! transfer flag:0
[    3.257949] usb usb2: req type:a3
[    3.257987] usb usb2: req0
[    3.258017] usb usb2: index:3
[    3.258083] usb usb2: value:0
[    3.258157] usb usb2: length:4
[    3.259509] usb usb2: submitted urb:
[    3.259583] usb usb2: pipe:2147484032d,stream:0d
[    3.259635] usb usb2: control request! transfer flag:0
[    3.259686] usb usb2: req type:a3
[    3.259741] usb usb2: req0
[    3.259772] usb usb2: index:4
[    3.259802] usb usb2: value:0
[    3.259841] usb usb2: length:4
[    3.259973] usb usb2: submitted urb:
[    3.260049] usb usb2: pipe:1077969280d,stream:0d
[    3.268635] ALSA device list:
[    3.268846] usb usb2: submitted urb:
[    3.268930] usb usb2: pipe:2147484032d,stream:0d
[    3.269036] usb usb2: control request! transfer flag:0
[    3.269151] usb usb2: req type:a3
[    3.269244] usb usb2: req0
[    3.269560] usb usb2: index:1
[    3.269629] usb usb2: value:0
[    3.269792] usb usb2: length:4
[    3.271089] platform regulatory.0: Direct firmware load for regulatory.db failed with error -2
[    3.271960]   No soundcards found.
[    3.273197] usb usb2: submitted urb:
[    3.273314] usb usb2: pipe:2147484032d,stream:0d
[    3.273394] usb usb2: control request! transfer flag:0
[    3.273482] usb usb2: req type:a3
[    3.273590] usb usb2: req0
[    3.273677] usb usb2: index:2
[    3.273772] usb usb2: value:0
[    3.273868] usb usb2: length:4
[    3.274432] cfg80211: failed to load regulatory.db
[    3.274565] usb usb2: submitted urb:
[    3.274629] usb usb2: pipe:2147484032d,stream:0d
[    3.274724] usb usb2: control request! transfer flag:0
[    3.274788] usb usb2: req type:a3
[    3.274832] usb usb2: req0
[    3.274868] usb usb2: index:3
[    3.274911] usb usb2: value:0
[    3.274959] usb usb2: length:4
[    3.277357] usb usb2: submitted urb:
[    3.277461] usb usb2: pipe:2147484032d,stream:0d
[    3.277543] usb usb2: control request! transfer flag:0
[    3.277650] usb usb2: req type:a3
[    3.277730] usb usb2: req0
[    3.277805] usb usb2: index:4
[    3.277897] usb usb2: value:0
[    3.277977] usb usb2: length:4
[    3.279389] usb usb2: submitted urb:
[    3.279471] usb usb2: pipe:1077969280d,stream:0d
[    3.286379] usb usb2: submitted urb:
[    3.286649] usb usb2: pipe:2147484032d,stream:0d
[    3.286721] usb usb2: control request! transfer flag:0
[    3.286780] usb usb2: req type:a3
[    3.286822] usb usb2: req0
[    3.286859] usb usb2: index:1
[    3.286901] usb usb2: value:0
[    3.286942] usb usb2: length:4
[    3.287084] usb usb2: submitted urb:
[    3.287164] usb usb2: pipe:2147484032d,stream:0d
[    3.287439] usb usb2: control request! transfer flag:0
[    3.287544] usb usb2: req type:a3
[    3.287604] usb usb2: req0
[    3.287699] usb usb2: index:2
[    3.287745] usb usb2: value:0
[    3.287785] usb usb2: length:4
[    3.287878] usb usb2: submitted urb:
[    3.287951] usb usb2: pipe:2147484032d,stream:0d
[    3.288042] usb usb2: control request! transfer flag:0
[    3.288145] usb usb2: req type:a3
[    3.288584] usb usb2: req0
[    3.288641] usb usb2: index:3
[    3.289001] usb usb2: value:0
[    3.289091] usb usb2: length:4
[    3.289468] usb usb2: submitted urb:
[    3.289571] usb usb2: pipe:2147484032d,stream:0d
[    3.289678] usb usb2: control request! transfer flag:0
[    3.289793] usb usb2: req type:a3
[    3.289886] usb usb2: req0
[    3.289944] usb usb2: index:4
[    3.289996] usb usb2: value:0
[    3.290551] usb usb2: length:4
[    3.290735] usb usb2: submitted urb:
[    3.290794] usb usb2: pipe:1077969280d,stream:0d
[    3.299350] usb usb2: submitted urb:
[    3.299588] usb usb2: pipe:2147484032d,stream:0d
[    3.299662] usb usb2: control request! transfer flag:0
[    3.299912] usb usb2: req type:a3
[    3.299962] usb usb2: req0
[    3.300004] usb usb2: index:1
[    3.300053] usb usb2: value:0
[    3.300092] usb usb2: length:4
[    3.300703] usb usb2: submitted urb:
[    3.300984] usb usb2: pipe:2147484032d,stream:0d
[    3.301129] usb usb2: control request! transfer flag:0
[    3.301635] usb usb2: req type:a3
[    3.301741] usb usb2: req0
[    3.301940] usb usb2: index:2
[    3.302004] usb usb2: value:0
[    3.302062] usb usb2: length:4
[    3.302435] usb usb2: submitted urb:
[    3.302512] usb usb2: pipe:2147484032d,stream:0d
[    3.302573] usb usb2: control request! transfer flag:0
[    3.302684] usb usb2: req type:a3
[    3.302758] usb usb2: req0
[    3.302837] usb usb2: index:3
[    3.302908] usb usb2: value:0
[    3.302965] usb usb2: length:4
[    3.303058] usb usb2: submitted urb:
[    3.303137] usb usb2: pipe:2147484032d,stream:0d
[    3.303226] usb usb2: control request! transfer flag:0
[    3.303668] usb usb2: req type:a3
[    3.303766] usb usb2: req0
[    3.303809] usb usb2: index:4
[    3.303858] usb usb2: value:0
[    3.303898] usb usb2: length:4
[    3.304000] usb usb2: submitted urb:
[    3.304268] usb usb2: pipe:1077969280d,stream:0d
[    3.305561] usb usb3: submitted urb:
[    3.305691] usb usb3: pipe:1077969280d,stream:0d
[    3.305880] usb usb3: submitted urb:
[    3.305975] usb usb3: pipe:2147484032d,stream:0d
[    3.306047] usb usb3: control request! transfer flag:0
[    3.306583] usb usb3: req type:a3
[    3.307082] usb usb3: req0
[    3.307604] usb usb3: index:1
[    3.307659] usb usb3: value:0
[    3.307711] usb usb3: length:4
[    3.307941] usb usb3: submitted urb:
[    3.308026] usb usb3: pipe:2147484032d,stream:0d
[    3.308085] usb usb3: control request! transfer flag:0
[    3.308172] usb usb3: req type:a3
[    3.308225] usb usb3: req0
[    3.308663] usb usb3: index:2
[    3.308842] usb usb3: value:0
[    3.308903] usb usb3: length:4
[    3.309313] usb usb3: submitted urb:
[    3.309459] usb usb3: pipe:2147484032d,stream:0d
[    3.309617] usb usb3: control request! transfer flag:0
[    3.309696] usb usb3: req type:a3
[    3.309803] usb usb3: req0
[    3.309855] usb usb3: index:3
[    3.309934] usb usb3: value:0
[    3.310010] usb usb3: length:4
[    3.310540] usb usb3: submitted urb:
[    3.310645] usb usb3: pipe:2147484032d,stream:0d
[    3.310730] usb usb3: control request! transfer flag:0
[    3.310835] usb usb3: req type:a3
[    3.310908] usb usb3: req0
[    3.310958] usb usb3: index:4
[    3.311023] usb usb3: value:0
[    3.311227] usb usb3: length:4
[    3.311431] usb usb2: submitted urb:
[    3.311486] usb usb2: pipe:2147484032d,stream:0d
[    3.311536] usb usb2: control request! transfer flag:0
[    3.311601] usb usb2: req type:a3
[    3.311643] usb usb2: req0
[    3.311680] usb usb2: index:1
[    3.311719] usb usb2: value:0
[    3.311757] usb usb2: length:4
[    3.311949] usb usb3: submitted urb:
[    3.312031] usb usb3: pipe:2147483904d,stream:0d
[    3.312380] usb usb3: control request! transfer flag:0
[    3.312466] usb usb3: req type:23
[    3.312613] usb usb3: req3
[    3.312671] usb usb3: index:701
[    3.312718] usb usb3: value:1b
[    3.312763] usb usb3: length:0
[    3.313299] usb usb2: submitted urb:
[    3.313460] usb usb2: pipe:2147484032d,stream:0d
[    3.313628] usb usb2: control request! transfer flag:0
[    3.313850] usb usb2: req type:a3
[    3.313969] usb usb2: req0
[    3.314032] usb usb2: index:2
[    3.314082] usb usb2: value:0
[    3.314468] usb usb2: length:4
[    3.314967] usb usb3: submitted urb:
[    3.315175] usb usb3: pipe:2147483904d,stream:0d
[    3.315589] usb usb3: control request! transfer flag:0
[    3.315680] usb usb3: req type:23
[    3.315770] usb usb3: req3
[    3.315980] usb usb3: index:702
[    3.316091] usb usb3: value:1b
[    3.316145] usb usb3: length:0
[    3.316438] usb usb2: submitted urb:
[    3.316509] usb usb2: pipe:2147484032d,stream:0d
[    3.316579] usb usb2: control request! transfer flag:0
[    3.316653] usb usb2: req type:a3
[    3.316740] usb usb2: req0
[    3.316791] usb usb2: index:3
[    3.316864] usb usb2: value:0
[    3.316925] usb usb2: length:4
[    3.317088] usb usb2: submitted urb:
[    3.317149] usb usb2: pipe:2147484032d,stream:0d
[    3.317370] usb usb2: control request! transfer flag:0
[    3.317679] usb usb2: req type:a3
[    3.317743] usb usb2: req0
[    3.317822] usb usb2: index:4
[    3.317888] usb usb2: value:0
[    3.317942] usb usb2: length:4
[    3.318168] usb usb3: submitted urb:
[    3.318474] usb usb3: pipe:2147483904d,stream:0d
[    3.318582] usb usb3: control request! transfer flag:0
[    3.318655] usb usb3: req type:23
[    3.318702] usb usb3: req3
[    3.318740] usb usb3: index:703
[    3.318789] usb usb3: value:1b
[    3.318868] usb usb3: length:0
[    3.319023] usb usb3: submitted urb:
[    3.319289] usb usb3: pipe:2147483904d,stream:0d
[    3.319397] usb usb3: control request! transfer flag:0
[    3.319477] usb usb3: req type:23
[    3.319540] usb usb3: req3
[    3.319584] usb usb3: index:704
[    3.319627] usb usb3: value:1b
[    3.319719] usb usb3: length:0
[    3.320033] usb usb2: submitted urb:
[    3.320131] usb usb2: pipe:1077969280d,stream:0d
[    3.327670] usb usb2: submitted urb:
[    3.328074] usb usb2: pipe:2147484032d,stream:0d
[    3.328158] usb usb2: control request! transfer flag:0
[    3.328263] usb usb2: req type:a3
[    3.328369] usb usb2: req0
[    3.328419] usb usb2: index:1
[    3.328455] usb usb2: value:0
[    3.328519] usb usb2: length:4
[    3.329168] usb usb2: submitted urb:
[    3.329291] usb usb2: pipe:2147484032d,stream:0d
[    3.329350] usb usb2: control request! transfer flag:0
[    3.329420] usb usb2: req type:a3
[    3.329503] usb usb2: req0
[    3.329583] usb usb2: index:2
[    3.329661] usb usb2: value:0
[    3.329892] usb usb2: length:4
[    3.330026] usb usb2: submitted urb:
[    3.330107] usb usb2: pipe:2147484032d,stream:0d
[    3.330657] usb usb2: control request! transfer flag:0
[    3.330768] usb usb2: req type:a3
[    3.330835] usb usb2: req0
[    3.330979] usb usb2: index:3
[    3.331371] usb usb2: value:0
[    3.331435] usb usb2: length:4
[    3.331594] usb usb2: submitted urb:
[    3.331681] usb usb2: pipe:2147484032d,stream:0d
[    3.331749] usb usb2: control request! transfer flag:0
[    3.331809] usb usb2: req type:a3
[    3.331880] usb usb2: req0
[    3.331929] usb usb2: index:4
[    3.331974] usb usb2: value:0
[    3.332009] usb usb2: length:4
[    3.332095] usb usb2: submitted urb:
[    3.332169] usb usb2: pipe:1077969280d,stream:0d
[    3.339483] usb usb2: submitted urb:
[    3.339569] usb usb2: pipe:2147484032d,stream:0d
[    3.339645] usb usb2: control request! transfer flag:0
[    3.339740] usb usb2: req type:a3
[    3.339813] usb usb2: req0
[    3.339858] usb usb2: index:1
[    3.339940] usb usb2: value:0
[    3.340025] usb usb2: length:4
[    3.340219] usb usb2: submitted urb:
[    3.340319] usb usb2: pipe:2147484032d,stream:0d
[    3.340775] usb usb2: control request! transfer flag:0
[    3.340890] usb usb2: req type:a3
[    3.340948] usb usb2: req0
[    3.340982] usb usb2: index:2
[    3.341015] usb usb2: value:0
[    3.341047] usb usb2: length:4
[    3.341167] usb usb2: submitted urb:
[    3.341247] usb usb2: pipe:2147484032d,stream:0d
[    3.341314] usb usb2: control request! transfer flag:0
[    3.341827] usb usb2: req type:a3
[    3.341931] usb usb2: req0
[    3.341986] usb usb2: index:3
[    3.342035] usb usb2: value:0
[    3.342076] usb usb2: length:4
[    3.342204] usb usb2: submitted urb:
[    3.342469] usb usb2: pipe:2147484032d,stream:0d
[    3.342861] usb usb2: control request! transfer flag:0
[    3.342964] usb usb2: req type:a3
[    3.343022] usb usb2: req0
[    3.343071] usb usb2: index:4
[    3.343120] usb usb2: value:0
[    3.343192] usb usb2: length:4
[    3.343607] usb usb2: submitted urb:
[    3.343699] usb usb2: pipe:1077969280d,stream:0d
[    3.350360] usb usb2: submitted urb:
[    3.350442] usb usb2: pipe:2147484032d,stream:0d
[    3.350522] usb usb2: control request! transfer flag:0
[    3.350603] usb usb2: req type:a3
[    3.350651] usb usb2: req0
[    3.350687] usb usb2: index:1
[    3.350723] usb usb2: value:0
[    3.350760] usb usb2: length:4
[    3.350876] usb usb2: submitted urb:
[    3.350962] usb usb2: pipe:2147484032d,stream:0d
[    3.351052] usb usb2: control request! transfer flag:0
[    3.351445] usb usb2: req type:a3
[    3.351552] usb usb2: req0
[    3.351604] usb usb2: index:2
[    3.351651] usb usb2: value:0
[    3.351692] usb usb2: length:4
[    3.351796] usb usb3: submitted urb:
[    3.351897] usb usb3: pipe:2147484032d,stream:0d
[    3.351981] usb usb3: control request! transfer flag:0
[    3.352461] usb usb3: req type:a3
[    3.352564] usb usb3: req0
[    3.352649] usb usb3: index:1
[    3.352726] usb usb3: value:0
[    3.352809] usb usb3: length:4
[    3.352996] usb usb2: submitted urb:
[    3.353258] usb usb2: pipe:2147484032d,stream:0d
[    3.353372] usb usb2: control request! transfer flag:0
[    3.353469] usb usb2: req type:a3
[    3.353576] usb usb2: req0
[    3.353673] usb usb2: index:3
[    3.353737] usb usb2: value:0
[    3.353790] usb usb2: length:4
[    3.353923] usb usb3: submitted urb:
[    3.354022] usb usb3: pipe:2147484032d,stream:0d
[    3.354094] usb usb3: control request! transfer flag:0
[    3.354219] usb usb3: req type:a3
[    3.354504] usb usb3: req0
[    3.354739] usb usb3: index:2
[    3.355045] usb usb3: value:0
[    3.355413] usb usb3: length:4
[    3.355600] usb usb2: submitted urb:
[    3.355714] usb usb2: pipe:2147484032d,stream:0d
[    3.355835] usb usb2: control request! transfer flag:0
[    3.356040] usb usb2: req type:a3
[    3.356105] usb usb2: req0
[    3.356141] usb usb2: index:4
[    3.356187] usb usb2: value:0
[    3.356230] usb usb2: length:4
[    3.356959] usb usb2: submitted urb:
[    3.357059] usb usb2: pipe:1077969280d,stream:0d
[    3.357418] usb usb3: submitted urb:
[    3.357517] usb usb3: pipe:2147484032d,stream:0d
[    3.357592] usb usb3: control request! transfer flag:0
[    3.357718] usb usb3: req type:a3
[    3.357818] usb usb3: req0
[    3.357912] usb usb3: index:3
[    3.358008] usb usb3: value:0
[    3.358556] usb usb3: length:4
[    3.358694] usb usb3: submitted urb:
[    3.358779] usb usb3: pipe:2147484032d,stream:0d
[    3.359147] usb usb3: control request! transfer flag:0
[    3.359459] usb usb3: req type:a3
[    3.359630] usb usb3: req0
[    3.359685] usb usb3: index:4
[    3.359734] usb usb3: value:0
[    3.359781] usb usb3: length:4
[    3.359937] usb usb3: submitted urb:
[    3.360033] usb usb3: pipe:1077969280d,stream:0d
[    3.360451] usb usb3: submitted urb:
[    3.360555] usb usb3: pipe:2147483904d,stream:0d
[    3.360649] usb usb3: control request! transfer flag:0
[    3.360751] usb usb3: req type:23
[    3.360829] usb usb3: req3
[    3.360905] usb usb3: index:701
[    3.360988] usb usb3: value:1b
[    3.361074] usb usb3: length:0
[    3.361554] usb usb3: submitted urb:
[    3.361642] usb usb3: pipe:2147483904d,stream:0d
[    3.361747] usb usb3: control request! transfer flag:0
[    3.361848] usb usb3: req type:23
[    3.361899] usb usb3: req3
[    3.361941] usb usb3: index:702
[    3.361987] usb usb3: value:1b
[    3.362024] usb usb3: length:0
[    3.362133] usb usb3: submitted urb:
[    3.362358] usb usb3: pipe:2147483904d,stream:0d
[    3.362459] usb usb3: control request! transfer flag:0
[    3.362547] usb usb3: req type:23
[    3.362604] usb usb3: req3
[    3.362652] usb usb3: index:703
[    3.362696] usb usb3: value:1b
[    3.362731] usb usb3: length:0
[    3.362825] usb usb3: submitted urb:
[    3.362893] usb usb3: pipe:2147483904d,stream:0d
[    3.362948] usb usb3: control request! transfer flag:0
[    3.363006] usb usb3: req type:23
[    3.363051] usb usb3: req3
[    3.363090] usb usb3: index:704
[    3.363331] usb usb3: value:1b
[    3.363466] usb usb3: length:0
[    3.367773] usb usb2: submitted urb:
[    3.368234] usb usb2: pipe:2147484032d,stream:0d
[    3.368338] usb usb2: control request! transfer flag:0
[    3.368677] usb usb2: req type:a3
[    3.368739] usb usb2: req0
[    3.368789] usb usb2: index:1
[    3.368853] usb usb2: value:0
[    3.368958] usb usb2: length:4
[    3.369302] usb usb2: submitted urb:
[    3.369452] usb usb2: pipe:2147484032d,stream:0d
[    3.369569] usb usb2: control request! transfer flag:0
[    3.369730] usb usb2: req type:a3
[    3.370106] usb usb2: req0
[    3.370171] usb usb2: index:2
[    3.370214] usb usb2: value:0
[    3.370257] usb usb2: length:4
[    3.370603] usb usb2: submitted urb:
[    3.370696] usb usb2: pipe:2147484032d,stream:0d
[    3.370768] usb usb2: control request! transfer flag:0
[    3.370842] usb usb2: req type:a3
[    3.370892] usb usb2: req0
[    3.370937] usb usb2: index:3
[    3.370989] usb usb2: value:0
[    3.371317] usb usb2: length:4
[    3.371519] usb usb2: submitted urb:
[    3.371626] usb usb2: pipe:2147484032d,stream:0d
[    3.371740] usb usb2: control request! transfer flag:0
[    3.371901] usb usb2: req type:a3
[    3.371997] usb usb2: req0
[    3.372083] usb usb2: index:4
[    3.372144] usb usb2: value:0
[    3.372190] usb usb2: length:4
[    3.372693] usb usb2: submitted urb:
[    3.372785] usb usb2: pipe:1077969280d,stream:0d
[    3.380663] usb usb2: submitted urb:
[    3.380936] usb usb2: pipe:2147484032d,stream:0d
[    3.381020] usb usb2: control request! transfer flag:0
[    3.381154] usb usb2: req type:a3
[    3.381559] usb usb2: req0
[    3.381666] usb usb2: index:1
[    3.381763] usb usb2: value:0
[    3.381826] usb usb2: length:4
[    3.382186] usb usb2: submitted urb:
[    3.382310] usb usb2: pipe:2147484032d,stream:0d
[    3.382703] usb usb2: control request! transfer flag:0
[    3.382819] usb usb2: req type:a3
[    3.382919] usb usb2: req0
[    3.382979] usb usb2: index:2
[    3.383029] usb usb2: value:0
[    3.383227] usb usb2: length:4
[    3.383432] usb usb2: submitted urb:
[    3.383549] usb usb2: pipe:2147484032d,stream:0d
[    3.383674] usb usb2: control request! transfer flag:0
[    3.383866] usb usb2: req type:a3
[    3.384017] usb usb2: req0
[    3.384125] usb usb2: index:3
[    3.384245] usb usb2: value:0
[    3.384468] usb usb2: length:4
[    3.385144] usb usb2: submitted urb:
[    3.385271] usb usb2: pipe:2147484032d,stream:0d
[    3.385352] usb usb2: control request! transfer flag:0
[    3.385437] usb usb2: req type:a3
[    3.385489] usb usb2: req0
[    3.385530] usb usb2: index:4
[    3.385610] usb usb2: value:0
[    3.385701] usb usb2: length:4
[    3.385838] usb usb2: submitted urb:
[    3.385906] usb usb2: pipe:1077969280d,stream:0d
[    3.393407] usb usb3: submitted urb:
[    3.393687] usb usb3: pipe:2147484032d,stream:0d
[    3.393767] usb usb3: control request! transfer flag:0
[    3.393839] usb usb3: req type:a3
[    3.393921] usb usb3: req0
[    3.394009] usb usb3: index:1
[    3.394067] usb usb3: value:0
[    3.394446] usb usb3: length:4
[    3.394679] usb usb2: submitted urb:
[    3.394778] usb usb2: pipe:2147484032d,stream:0d
[    3.394845] usb usb2: control request! transfer flag:0
[    3.394924] usb usb2: req type:a3
[    3.394972] usb usb2: req0
[    3.395010] usb usb2: index:1
[    3.395093] usb usb2: value:0
[    3.395179] usb usb2: length:4
[    3.395560] usb usb2: submitted urb:
[    3.395937] usb usb2: pipe:2147484032d,stream:0d
[    3.396065] usb usb2: control request! transfer flag:0
[    3.396147] usb usb2: req type:a3
[    3.396197] usb usb2: req0
[    3.396246] usb usb2: index:2
[    3.396294] usb usb2: value:0
[    3.396673] usb usb2: length:4
[    3.397014] usb usb3: submitted urb:
[    3.397115] usb usb3: pipe:2147484032d,stream:0d
[    3.397189] usb usb3: control request! transfer flag:0
[    3.397268] usb usb3: req type:a3
[    3.397578] usb usb3: req0
[    3.397646] usb usb3: index:2
[    3.397695] usb usb3: value:0
[    3.397741] usb usb3: length:4
[    3.397942] usb usb3: submitted urb:
[    3.398042] usb usb3: pipe:2147484032d,stream:0d
[    3.398428] usb usb3: control request! transfer flag:0
[    3.398550] usb usb3: req type:a3
[    3.398659] usb usb3: req0
[    3.398757] usb usb3: index:3
[    3.398849] usb usb3: value:0
[    3.398916] usb usb3: length:4
[    3.399162] usb usb2: submitted urb:
[    3.399578] usb usb2: pipe:2147484032d,stream:0d
[    3.399711] usb usb2: control request! transfer flag:0
[    3.399801] usb usb2: req type:a3
[    3.399861] usb usb2: req0
[    3.399900] usb usb2: index:3
[    3.400123] usb usb2: value:0
[    3.401043] usb usb2: length:4
[    3.401202] usb usb3: submitted urb:
[    3.401273] usb usb3: pipe:2147484032d,stream:0d
[    3.401719] usb usb3: control request! transfer flag:0
[    3.401856] usb usb3: req type:a3
[    3.401926] usb usb3: req0
[    3.402009] usb usb3: index:4
[    3.402065] usb usb3: value:0
[    3.402627] usb usb3: length:4
[    3.402877] usb usb2: submitted urb:
[    3.402979] usb usb2: pipe:2147484032d,stream:0d
[    3.403078] usb usb2: control request! transfer flag:0
[    3.403486] usb usb2: req type:a3
[    3.403617] usb usb2: req0
[    3.403685] usb usb2: index:4
[    3.403734] usb usb2: value:0
[    3.403784] usb usb2: length:4
[    3.403977] usb usb3: submitted urb:
[    3.404074] usb usb3: pipe:1077969280d,stream:0d
[    3.404384] usb usb2: submitted urb:
[    3.404478] usb usb2: pipe:1077969280d,stream:0d
[    3.404664] usb usb3: submitted urb:
[    3.404733] usb usb3: pipe:2147483904d,stream:0d
[    3.404804] usb usb3: control request! transfer flag:0
[    3.404911] usb usb3: req type:23
[    3.405012] usb usb3: req3
[    3.405066] usb usb3: index:701
[    3.405122] usb usb3: value:1b
[    3.405173] usb usb3: length:0
[    3.405532] usb usb3: submitted urb:
[    3.405632] usb usb3: pipe:2147483904d,stream:0d
[    3.405705] usb usb3: control request! transfer flag:0
[    3.405818] usb usb3: req type:23
[    3.405879] usb usb3: req3
[    3.405925] usb usb3: index:702
[    3.405972] usb usb3: value:1b
[    3.406018] usb usb3: length:0
[    3.406122] usb usb3: submitted urb:
[    3.406208] usb usb3: pipe:2147483904d,stream:0d
[    3.406278] usb usb3: control request! transfer flag:0
[    3.406346] usb usb3: req type:23
[    3.406393] usb usb3: req3
[    3.406681] usb usb3: index:703
[    3.406777] usb usb3: value:1b
[    3.406946] usb usb3: length:0
[    3.407126] usb usb3: submitted urb:
[    3.407671] usb usb3: pipe:2147483904d,stream:0d
[    3.407856] usb usb3: control request! transfer flag:0
[    3.408005] usb usb3: req type:23
[    3.408351] usb usb3: req3
[    3.408408] usb usb3: index:704
[    3.408464] usb usb3: value:1b
[    3.408616] usb usb3: length:0
[    3.415785] usb usb2: submitted urb:
[    3.416011] usb usb2: pipe:2147484032d,stream:0d
[    3.416069] usb usb2: control request! transfer flag:0
[    3.416127] usb usb2: req type:a3
[    3.416194] usb usb2: req0
[    3.416236] usb usb2: index:1
[    3.416513] usb usb2: value:0
[    3.416618] usb usb2: length:4
[    3.416886] usb usb2: submitted urb:
[    3.416966] usb usb2: pipe:2147484032d,stream:0d
[    3.417023] usb usb2: control request! transfer flag:0
[    3.417086] usb usb2: req type:a3
[    3.417132] usb usb2: req0
[    3.417175] usb usb2: index:2
[    3.417345] usb usb2: value:0
[    3.417964] usb usb2: length:4
[    3.418149] usb usb2: submitted urb:
[    3.418247] usb usb2: pipe:2147484032d,stream:0d
[    3.418579] usb usb2: control request! transfer flag:0
[    3.418675] usb usb2: req type:a3
[    3.418881] usb usb2: req0
[    3.418938] usb usb2: index:3
[    3.418987] usb usb2: value:0
[    3.419045] usb usb2: length:4
[    3.419182] usb usb2: submitted urb:
[    3.419501] usb usb2: pipe:2147484032d,stream:0d
[    3.419624] usb usb2: control request! transfer flag:0
[    3.419745] usb usb2: req type:a3
[    3.419840] usb usb2: req0
[    3.419890] usb usb2: index:4
[    3.419932] usb usb2: value:0
[    3.419974] usb usb2: length:4
[    3.420099] usb usb2: submitted urb:
[    3.420159] usb usb2: pipe:1077969280d,stream:0d
[    3.427278] usb usb2: submitted urb:
[    3.427368] usb usb2: pipe:2147484032d,stream:0d
[    3.427422] usb usb2: control request! transfer flag:0
[    3.427508] usb usb2: req type:a3
[    3.427578] usb usb2: req0
[    3.427641] usb usb2: index:1
[    3.427687] usb usb2: value:0
[    3.427748] usb usb2: length:4
[    3.427958] usb usb2: submitted urb:
[    3.428260] usb usb2: pipe:2147484032d,stream:0d
[    3.428373] usb usb2: control request! transfer flag:0
[    3.428485] usb usb2: req type:a3
[    3.428556] usb usb2: req0
[    3.428598] usb usb2: index:2
[    3.428641] usb usb2: value:0
[    3.428685] usb usb2: length:4
[    3.428800] usb usb2: submitted urb:
[    3.428873] usb usb2: pipe:2147484032d,stream:0d
[    3.428966] usb usb2: control request! transfer flag:0
[    3.429045] usb usb2: req type:a3
[    3.429180] usb usb2: req0
[    3.429250] usb usb2: index:3
[    3.429299] usb usb2: value:0
[    3.429337] usb usb2: length:4
[    3.429457] usb usb2: submitted urb:
[    3.429534] usb usb2: pipe:2147484032d,stream:0d
[    3.429621] usb usb2: control request! transfer flag:0
[    3.429714] usb usb2: req type:a3
[    3.429771] usb usb2: req0
[    3.429843] usb usb2: index:4
[    3.429931] usb usb2: value:0
[    3.429983] usb usb2: length:4
[    3.430068] usb usb2: submitted urb:
[    3.430118] usb usb2: pipe:1077969280d,stream:0d
[    3.437492] usb usb2: submitted urb:
[    3.437594] usb usb2: pipe:2147484032d,stream:0d
[    3.437649] usb usb2: control request! transfer flag:0
[    3.437722] usb usb2: req type:a3
[    3.437788] usb usb2: req0
[    3.437847] usb usb2: index:1
[    3.437891] usb usb2: value:0
[    3.437951] usb usb2: length:4
[    3.438111] usb usb2: submitted urb:
[    3.438210] usb usb2: pipe:2147484032d,stream:0d
[    3.438431] usb usb2: control request! transfer flag:0
[    3.438505] usb usb2: req type:a3
[    3.438555] usb usb2: req0
[    3.438593] usb usb2: index:2
[    3.438662] usb usb2: value:0
[    3.438755] usb usb2: length:4
[    3.438854] usb usb3: submitted urb:
[    3.438912] usb usb3: pipe:2147484032d,stream:0d
[    3.439040] usb usb3: control request! transfer flag:0
[    3.439143] usb usb3: req type:a3
[    3.439199] usb usb3: req0
[    3.439488] usb usb3: index:1
[    3.439564] usb usb3: value:0
[    3.439640] usb usb3: length:4
[    3.439894] usb usb2: submitted urb:
[    3.439981] usb usb2: pipe:2147484032d,stream:0d
[    3.440041] usb usb2: control request! transfer flag:0
[    3.440099] usb usb2: req type:a3
[    3.440144] usb usb2: req0
[    3.440181] usb usb2: index:3
[    3.440224] usb usb2: value:0
[    3.440297] usb usb2: length:4
[    3.440682] usb usb3: submitted urb:
[    3.440775] usb usb3: pipe:2147484032d,stream:0d
[    3.440856] usb usb3: control request! transfer flag:0
[    3.440928] usb usb3: req type:a3
[    3.440981] usb usb3: req0
[    3.441021] usb usb3: index:2
[    3.441058] usb usb3: value:0
[    3.441106] usb usb3: length:4
[    3.441441] usb usb2: submitted urb:
[    3.441530] usb usb2: pipe:2147484032d,stream:0d
[    3.441653] usb usb2: control request! transfer flag:0
[    3.441764] usb usb2: req type:a3
[    3.441842] usb usb2: req0
[    3.441909] usb usb2: index:4
[    3.441984] usb usb2: value:0
[    3.442047] usb usb2: length:4
[    3.442407] usb usb3: submitted urb:
[    3.442519] usb usb3: pipe:2147484032d,stream:0d
[    3.443213] usb usb3: control request! transfer flag:0
[    3.443333] usb usb3: req type:a3
[    3.443449] usb usb3: req0
[    3.443490] usb usb3: index:3
[    3.443532] usb usb3: value:0
[    3.443565] usb usb3: length:4
[    3.443693] usb usb2: submitted urb:
[    3.443754] usb usb2: pipe:1077969280d,stream:0d
[    3.443869] usb usb3: submitted urb:
[    3.443916] usb usb3: pipe:2147484032d,stream:0d
[    3.443970] usb usb3: control request! transfer flag:0
[    3.444021] usb usb3: req type:a3
[    3.444078] usb usb3: req0
[    3.444138] usb usb3: index:4
[    3.444183] usb usb3: value:0
[    3.444220] usb usb3: length:4
[    3.444288] usb usb3: submitted urb:
[    3.444336] usb usb3: pipe:1077969280d,stream:0d
[    3.444743] usb usb3: submitted urb:
[    3.444847] usb usb3: pipe:2147483904d,stream:0d
[    3.444905] usb usb3: control request! transfer flag:0
[    3.445011] usb usb3: req type:23
[    3.445480] usb usb3: req3
[    3.445535] usb usb3: index:701
[    3.445574] usb usb3: value:1b
[    3.445614] usb usb3: length:0
[    3.445803] usb usb3: submitted urb:
[    3.445890] usb usb3: pipe:2147483904d,stream:0d
[    3.445979] usb usb3: control request! transfer flag:0
[    3.446053] usb usb3: req type:23
[    3.446267] usb usb3: req3
[    3.446323] usb usb3: index:702
[    3.446494] usb usb3: value:1b
[    3.446596] usb usb3: length:0
[    3.446770] usb usb3: submitted urb:
[    3.446824] usb usb3: pipe:2147483904d,stream:0d
[    3.446881] usb usb3: control request! transfer flag:0
[    3.446939] usb usb3: req type:23
[    3.447010] usb usb3: req3
[    3.447057] usb usb3: index:703
[    3.447111] usb usb3: value:1b
[    3.447375] usb usb3: length:0
[    3.447519] usb usb3: submitted urb:
[    3.447574] usb usb3: pipe:2147483904d,stream:0d
[    3.447635] usb usb3: control request! transfer flag:0
[    3.447698] usb usb3: req type:23
[    3.447746] usb usb3: req3
[    3.447783] usb usb3: index:704
[    3.447868] usb usb3: value:1b
[    3.447944] usb usb3: length:0
[    3.451445] usb usb2: submitted urb:
[    3.451622] usb usb2: pipe:2147484032d,stream:0d
[    3.451702] usb usb2: control request! transfer flag:0
[    3.451826] usb usb2: req type:a3
[    3.451889] usb usb2: req0
[    3.451948] usb usb2: index:1
[    3.452002] usb usb2: value:0
[    3.452059] usb usb2: length:4
[    3.452238] usb usb2: submitted urb:
[    3.452685] usb usb2: pipe:2147484032d,stream:0d
[    3.452803] usb usb2: control request! transfer flag:0
[    3.452878] usb usb2: req type:a3
[    3.452929] usb usb2: req0
[    3.452979] usb usb2: index:2
[    3.453027] usb usb2: value:0
[    3.453077] usb usb2: length:4
[    3.453528] usb usb2: submitted urb:
[    3.453639] usb usb2: pipe:2147484032d,stream:0d
[    3.453713] usb usb2: control request! transfer flag:0
[    3.453830] usb usb2: req type:a3
[    3.453931] usb usb2: req0
[    3.453987] usb usb2: index:3
[    3.454042] usb usb2: value:0
[    3.454090] usb usb2: length:4
[    3.454189] usb usb2: submitted urb:
[    3.454764] usb usb2: pipe:2147484032d,stream:0d
[    3.454986] usb usb2: control request! transfer flag:0
[    3.455092] usb usb2: req type:a3
[    3.455408] usb usb2: req0
[    3.455525] usb usb2: index:4
[    3.455601] usb usb2: value:0
[    3.455654] usb usb2: length:4
[    3.455856] usb usb2: submitted urb:
[    3.455947] usb usb2: pipe:1077969280d,stream:0d
[    3.462737] usb usb2: submitted urb:
[    3.462890] usb usb2: pipe:2147484032d,stream:0d
[    3.462945] usb usb2: control request! transfer flag:0
[    3.463001] usb usb2: req type:a3
[    3.463042] usb usb2: req0
[    3.463076] usb usb2: index:1
[    3.463116] usb usb2: value:0
[    3.463560] usb usb2: length:4
[    3.463788] usb usb2: submitted urb:
[    3.463884] usb usb2: pipe:2147484032d,stream:0d
[    3.463952] usb usb2: control request! transfer flag:0
[    3.464023] usb usb2: req type:a3
[    3.464081] usb usb2: req0
[    3.464130] usb usb2: index:2
[    3.464189] usb usb2: value:0
[    3.464466] usb usb2: length:4
[    3.464633] usb usb2: submitted urb:
[    3.464871] usb usb2: pipe:2147484032d,stream:0d
[    3.464985] usb usb2: control request! transfer flag:0
[    3.465072] usb usb2: req type:a3
[    3.465132] usb usb2: req0
[    3.465606] usb usb2: index:3
[    3.465699] usb usb2: value:0
[    3.465764] usb usb2: length:4
[    3.466871] usb usb2: submitted urb:
[    3.466987] usb usb2: pipe:2147484032d,stream:0d
[    3.467316] usb usb2: control request! transfer flag:0
[    3.467414] usb usb2: req type:a3
[    3.467463] usb usb2: req0
[    3.467508] usb usb2: index:4
[    3.467555] usb usb2: value:0
[    3.467600] usb usb2: length:4
[    3.467725] usb usb2: submitted urb:
[    3.467824] usb usb2: pipe:1077969280d,stream:0d
[    3.474420] usb usb2: submitted urb:
[    3.474520] usb usb2: pipe:2147484032d,stream:0d
[    3.474603] usb usb2: control request! transfer flag:0
[    3.474688] usb usb2: req type:a3
[    3.474761] usb usb2: req0
[    3.474830] usb usb2: index:1
[    3.474910] usb usb2: value:0
[    3.474991] usb usb2: length:4
[    3.475475] usb usb2: submitted urb:
[    3.475599] usb usb2: pipe:2147484032d,stream:0d
[    3.475672] usb usb2: control request! transfer flag:0
[    3.475784] usb usb2: req type:a3
[    3.475894] usb usb2: req0
[    3.475967] usb usb2: index:2
[    3.476040] usb usb2: value:0
[    3.476239] usb usb2: length:4
[    3.476389] usb usb2: submitted urb:
[    3.476482] usb usb2: pipe:2147484032d,stream:0d
[    3.476594] usb usb2: control request! transfer flag:0
[    3.476703] usb usb2: req type:a3
[    3.476764] usb usb2: req0
[    3.476811] usb usb2: index:3
[    3.476858] usb usb2: value:0
[    3.476905] usb usb2: length:4
[    3.477004] usb usb2: submitted urb:
[    3.477337] usb usb2: pipe:2147484032d,stream:0d
[    3.477418] usb usb2: control request! transfer flag:0
[    3.477492] usb usb2: req type:a3
[    3.477578] usb usb2: req0
[    3.477656] usb usb2: index:4
[    3.477746] usb usb2: value:0
[    3.477833] usb usb2: length:4
[    3.477920] usb usb3: submitted urb:
[    3.478000] usb usb3: pipe:2147484032d,stream:0d
[    3.478096] usb usb3: control request! transfer flag:0
[    3.478234] usb usb3: req type:a3
[    3.478322] usb usb3: req0
[    3.478635] usb usb3: index:1
[    3.478738] usb usb3: value:0
[    3.478829] usb usb3: length:4
[    3.479005] usb usb2: submitted urb:
[    3.479444] usb usb2: pipe:1077969280d,stream:0d
[    3.479673] usb usb3: submitted urb:
[    3.479781] usb usb3: pipe:2147484032d,stream:0d
[    3.479890] usb usb3: control request! transfer flag:0
[    3.479977] usb usb3: req type:a3
[    3.480066] usb usb3: req0
[    3.480307] usb usb3: index:2
[    3.480462] usb usb3: value:0
[    3.480550] usb usb3: length:4
[    3.480700] usb usb3: submitted urb:
[    3.480756] usb usb3: pipe:2147484032d,stream:0d
[    3.480821] usb usb3: control request! transfer flag:0
[    3.480912] usb usb3: req type:a3
[    3.480958] usb usb3: req0
[    3.481001] usb usb3: index:3
[    3.481051] usb usb3: value:0
[    3.481094] usb usb3: length:4
[    3.481484] usb usb3: submitted urb:
[    3.481545] usb usb3: pipe:2147484032d,stream:0d
[    3.481602] usb usb3: control request! transfer flag:0
[    3.481667] usb usb3: req type:a3
[    3.481744] usb usb3: req0
[    3.481816] usb usb3: index:4
[    3.481904] usb usb3: value:0
[    3.481989] usb usb3: length:4
[    3.482642] usb usb3: submitted urb:
[    3.482732] usb usb3: pipe:1077969280d,stream:0d
[    3.482882] usb usb3: submitted urb:
[    3.482960] usb usb3: pipe:2147483904d,stream:0d
[    3.483026] usb usb3: control request! transfer flag:0
[    3.483538] usb usb3: req type:23
[    3.483635] usb usb3: req3
[    3.483683] usb usb3: index:701
[    3.483779] usb usb3: value:1b
[    3.483939] usb usb3: length:0
[    3.484561] usb usb3: submitted urb:
[    3.484753] usb usb3: pipe:2147483904d,stream:0d
[    3.484944] usb usb3: control request! transfer flag:0
[    3.485950] usb usb3: req type:23
[    3.486064] usb usb3: req3
[    3.486152] usb usb3: index:702
[    3.486687] usb usb3: value:1b
[    3.486869] usb usb3: length:0
[    3.487208] usb usb3: submitted urb:
[    3.487305] usb usb3: pipe:2147483904d,stream:0d
[    3.487420] usb usb3: control request! transfer flag:0
[    3.487488] usb usb3: req type:23
[    3.487537] usb usb3: req3
[    3.487574] usb usb3: index:703
[    3.487627] usb usb3: value:1b
[    3.487669] usb usb3: length:0
[    3.487818] usb usb3: submitted urb:
[    3.487906] usb usb3: pipe:2147483904d,stream:0d
[    3.487975] usb usb3: control request! transfer flag:0
[    3.488294] usb usb3: req type:23
[    3.488387] usb usb3: req3
[    3.488435] usb usb3: index:704
[    3.488495] usb usb3: value:1b
[    3.488541] usb usb3: length:0
[    3.489326] usb usb2: submitted urb:
[    3.489417] usb usb2: pipe:2147484032d,stream:0d
[    3.489490] usb usb2: control request! transfer flag:0
[    3.489593] usb usb2: req type:a3
[    3.489680] usb usb2: req0
[    3.489727] usb usb2: index:1
[    3.489764] usb usb2: value:0
[    3.489798] usb usb2: length:4
[    3.489895] usb usb2: submitted urb:
[    3.489957] usb usb2: pipe:2147484032d,stream:0d
[    3.490010] usb usb2: control request! transfer flag:0
[    3.490134] usb usb2: req type:a3
[    3.490207] usb usb2: req0
[    3.490284] usb usb2: index:2
[    3.490344] usb usb2: value:0
[    3.490406] usb usb2: length:4
[    3.490484] usb usb2: submitted urb:
[    3.490545] usb usb2: pipe:2147484032d,stream:0d
[    3.490607] usb usb2: control request! transfer flag:0
[    3.490657] usb usb2: req type:a3
[    3.490704] usb usb2: req0
[    3.490737] usb usb2: index:3
[    3.490772] usb usb2: value:0
[    3.490806] usb usb2: length:4
[    3.490872] usb usb2: submitted urb:
[    3.490934] usb usb2: pipe:2147484032d,stream:0d
[    3.491014] usb usb2: control request! transfer flag:0
[    3.491251] usb usb2: req type:a3
[    3.491308] usb usb2: req0
[    3.491341] usb usb2: index:4
[    3.491375] usb usb2: value:0
[    3.491439] usb usb2: length:4
[    3.491568] usb usb2: submitted urb:
[    3.491645] usb usb2: pipe:1077969280d,stream:0d
[    3.498261] usb usb2: submitted urb:
[    3.498347] usb usb2: pipe:2147484032d,stream:0d
[    3.498406] usb usb2: control request! transfer flag:0
[    3.498479] usb usb2: req type:a3
[    3.498541] usb usb2: req0
[    3.498610] usb usb2: index:1
[    3.498678] usb usb2: value:0
[    3.498753] usb usb2: length:4
[    3.498978] usb usb2: submitted urb:
[    3.499295] usb usb2: pipe:2147484032d,stream:0d
[    3.499435] usb usb2: control request! transfer flag:0
[    3.499543] usb usb2: req type:a3
[    3.499630] usb usb2: req0
[    3.499703] usb usb2: index:2
[    3.499785] usb usb2: value:0
[    3.499874] usb usb2: length:4
[    3.500158] usb usb2: submitted urb:
[    3.500253] usb usb2: pipe:2147484032d,stream:0d
[    3.500369] usb usb2: control request! transfer flag:0
[    3.500484] usb usb2: req type:a3
[    3.500553] usb usb2: req0
[    3.500604] usb usb2: index:3
[    3.500652] usb usb2: value:0
[    3.500696] usb usb2: length:4
[    3.500797] usb usb2: submitted urb:
[    3.500856] usb usb2: pipe:2147484032d,stream:0d
[    3.500914] usb usb2: control request! transfer flag:0
[    3.500988] usb usb2: req type:a3
[    3.501278] usb usb2: req0
[    3.501381] usb usb2: index:4
[    3.501439] usb usb2: value:0
[    3.501487] usb usb2: length:4
[    3.501594] usb usb2: submitted urb:
[    3.501664] usb usb2: pipe:1077969280d,stream:0d
[    3.508568] usb usb2: submitted urb:
[    3.508699] usb usb2: pipe:2147484032d,stream:0d
[    3.508790] usb usb2: control request! transfer flag:0
[    3.508888] usb usb2: req type:a3
[    3.508935] usb usb2: req0
[    3.508978] usb usb2: index:1
[    3.509026] usb usb2: value:0
[    3.509072] usb usb2: length:4
[    3.509503] usb usb2: submitted urb:
[    3.509654] usb usb2: pipe:2147484032d,stream:0d
[    3.509737] usb usb2: control request! transfer flag:0
[    3.509856] usb usb2: req type:a3
[    3.509960] usb usb2: req0
[    3.510048] usb usb2: index:2
[    3.510482] usb usb2: value:0
[    3.510550] usb usb2: length:4
[    3.510681] usb usb2: submitted urb:
[    3.510772] usb usb2: pipe:2147484032d,stream:0d
[    3.510846] usb usb2: control request! transfer flag:0
[    3.510922] usb usb2: req type:a3
[    3.510972] usb usb2: req0
[    3.511012] usb usb2: index:3
[    3.511059] usb usb2: value:0
[    3.511106] usb usb2: length:4
[    3.511502] usb usb2: submitted urb:
[    3.511603] usb usb2: pipe:2147484032d,stream:0d
[    3.511682] usb usb2: control request! transfer flag:0
[    3.511878] usb usb2: req type:a3
[    3.511973] usb usb2: req0
[    3.512022] usb usb2: index:4
[    3.512091] usb usb2: value:0
[    3.512196] usb usb2: length:4
[    3.512492] usb usb2: submitted urb:
[    3.512811] usb usb2: pipe:1077969280d,stream:0d
[    3.517621] usb usb3: submitted urb:
[    3.517748] usb usb3: pipe:2147484032d,stream:0d
[    3.517810] usb usb3: control request! transfer flag:0
[    3.517885] usb usb3: req type:a3
[    3.517960] usb usb3: req0
[    3.518011] usb usb3: index:1
[    3.518263] usb usb3: value:0
[    3.518312] usb usb3: length:4
[    3.518462] usb usb3: submitted urb:
[    3.518511] usb usb3: pipe:2147484032d,stream:0d
[    3.518588] usb usb3: control request! transfer flag:0
[    3.518686] usb usb3: req type:a3
[    3.518735] usb usb3: req0
[    3.518770] usb usb3: index:2
[    3.518805] usb usb3: value:0
[    3.518835] usb usb3: length:4
[    3.518912] usb usb3: submitted urb:
[    3.518952] usb usb3: pipe:2147484032d,stream:0d
[    3.518998] usb usb3: control request! transfer flag:0
[    3.519052] usb usb3: req type:a3
[    3.519359] usb usb3: req0
[    3.519443] usb usb3: index:3
[    3.519518] usb usb3: value:0
[    3.519589] usb usb3: length:4
[    3.519738] usb usb3: submitted urb:
[    3.519821] usb usb3: pipe:2147484032d,stream:0d
[    3.519882] usb usb3: control request! transfer flag:0
[    3.519944] usb usb3: req type:a3
[    3.519994] usb usb3: req0
[    3.520250] usb usb3: index:4
[    3.520335] usb usb3: value:0
[    3.520495] usb usb3: length:4
[    3.520632] usb usb2: submitted urb:
[    3.520961] usb usb2: pipe:2147484032d,stream:0d
[    3.521035] usb usb2: control request! transfer flag:0
[    3.521123] usb usb2: req type:a3
[    3.521196] usb usb2: req0
[    3.521241] usb usb2: index:1
[    3.521306] usb usb2: value:0
[    3.521401] usb usb2: length:4
[    3.521935] usb usb3: submitted urb:
[    3.522029] usb usb3: pipe:1077969280d,stream:0d
[    3.522376] usb usb3: submitted urb:
[    3.522458] usb usb3: pipe:2147483904d,stream:0d
[    3.522544] usb usb3: control request! transfer flag:0
[    3.522635] usb usb3: req type:23
[    3.522713] usb usb3: req3
[    3.522777] usb usb3: index:701
[    3.522858] usb usb3: value:1b
[    3.522930] usb usb3: length:0
[    3.523061] usb usb2: submitted urb:
[    3.523212] usb usb2: pipe:2147484032d,stream:0d
[    3.523266] usb usb2: control request! transfer flag:0
[    3.523426] usb usb2: req type:a3
[    3.523484] usb usb2: req0
[    3.523525] usb usb2: index:2
[    3.523562] usb usb2: value:0
[    3.523600] usb usb2: length:4
[    3.523684] usb usb3: submitted urb:
[    3.523721] usb usb3: pipe:2147483904d,stream:0d
[    3.523768] usb usb3: control request! transfer flag:0
[    3.523828] usb usb3: req type:23
[    3.523868] usb usb3: req3
[    3.523925] usb usb3: index:702
[    3.523997] usb usb3: value:1b
[    3.524067] usb usb3: length:0
[    3.524281] usb usb2: submitted urb:
[    3.524362] usb usb2: pipe:2147484032d,stream:0d
[    3.524426] usb usb2: control request! transfer flag:0
[    3.524510] usb usb2: req type:a3
[    3.524557] usb usb2: req0
[    3.524596] usb usb2: index:3
[    3.524662] usb usb2: value:0
[    3.524747] usb usb2: length:4
[    3.524847] usb usb3: submitted urb:
[    3.524934] usb usb3: pipe:2147483904d,stream:0d
[    3.525040] usb usb3: control request! transfer flag:0
[    3.525359] usb usb3: req type:23
[    3.525443] usb usb3: req3
[    3.525481] usb usb3: index:703
[    3.525519] usb usb3: value:1b
[    3.525556] usb usb3: length:0
[    3.525630] usb usb2: submitted urb:
[    3.525673] usb usb2: pipe:2147484032d,stream:0d
[    3.525769] usb usb2: control request! transfer flag:0
[    3.525844] usb usb2: req type:a3
[    3.525923] usb usb2: req0
[    3.525972] usb usb2: index:4
[    3.526019] usb usb2: value:0
[    3.526287] usb usb2: length:4
[    3.526554] usb usb3: submitted urb:
[    3.526633] usb usb3: pipe:2147483904d,stream:0d
[    3.526724] usb usb3: control request! transfer flag:0
[    3.526823] usb usb3: req type:23
[    3.526867] usb usb3: req3
[    3.526908] usb usb3: index:704
[    3.526949] usb usb3: value:1b
[    3.526986] usb usb3: length:0
[    3.527075] usb usb2: submitted urb:
[    3.527149] usb usb2: pipe:1077969280d,stream:0d
[    3.534213] usb usb2: submitted urb:
[    3.534324] usb usb2: pipe:2147484032d,stream:0d
[    3.534382] usb usb2: control request! transfer flag:0
[    3.534443] usb usb2: req type:a3
[    3.534484] usb usb2: req0
[    3.534597] usb usb2: index:1
[    3.534684] usb usb2: value:0
[    3.534727] usb usb2: length:4
[    3.534974] usb usb2: submitted urb:
[    3.535177] usb usb2: pipe:2147484032d,stream:0d
[    3.535234] usb usb2: control request! transfer flag:0
[    3.535289] usb usb2: req type:a3
[    3.535328] usb usb2: req0
[    3.535385] usb usb2: index:2
[    3.535452] usb usb2: value:0
[    3.535525] usb usb2: length:4
[    3.535904] usb usb2: submitted urb:
[    3.536011] usb usb2: pipe:2147484032d,stream:0d
[    3.536080] usb usb2: control request! transfer flag:0
[    3.536155] usb usb2: req type:a3
[    3.536374] usb usb2: req0
[    3.536429] usb usb2: index:3
[    3.536472] usb usb2: value:0
[    3.536586] usb usb2: length:4
[    3.536700] usb usb2: submitted urb:
[    3.536783] usb usb2: pipe:2147484032d,stream:0d
[    3.536837] usb usb2: control request! transfer flag:0
[    3.536891] usb usb2: req type:a3
[    3.536930] usb usb2: req0
[    3.536965] usb usb2: index:4
[    3.536997] usb usb2: value:0
[    3.537032] usb usb2: length:4
[    3.537151] usb usb2: submitted urb:
[    3.537230] usb usb2: pipe:1077969280d,stream:0d
[    3.555598] usb usb3: submitted urb:
[    3.555739] usb usb3: pipe:2147484032d,stream:0d
[    3.555796] usb usb3: control request! transfer flag:0
[    3.555885] usb usb3: req type:a3
[    3.555965] usb usb3: req0
[    3.556031] usb usb3: index:1
[    3.556100] usb usb3: value:0
[    3.556324] usb usb3: length:4
[    3.556532] usb usb3: submitted urb:
[    3.556610] usb usb3: pipe:2147484032d,stream:0d
[    3.556666] usb usb3: control request! transfer flag:0
[    3.556727] usb usb3: req type:a3
[    3.556769] usb usb3: req0
[    3.556806] usb usb3: index:2
[    3.556847] usb usb3: value:0
[    3.556909] usb usb3: length:4
[    3.557031] usb usb3: submitted urb:
[    3.557101] usb usb3: pipe:2147484032d,stream:0d
[    3.557158] usb usb3: control request! transfer flag:0
[    3.557340] usb usb3: req type:a3
[    3.557414] usb usb3: req0
[    3.557483] usb usb3: index:3
[    3.557556] usb usb3: value:0
[    3.557630] usb usb3: length:4
[    3.557731] usb usb3: submitted urb:
[    3.557807] usb usb3: pipe:2147484032d,stream:0d
[    3.557899] usb usb3: control request! transfer flag:0
[    3.557994] usb usb3: req type:a3
[    3.558043] usb usb3: req0
[    3.558079] usb usb3: index:4
[    3.558116] usb usb3: value:0
[    3.558677] usb usb3: length:4
[    3.558897] usb usb3: submitted urb:
[    3.558989] usb usb3: pipe:1077969280d,stream:0d
[    3.559361] usb usb3: submitted urb:
[    3.559555] usb usb3: pipe:2147483904d,stream:0d
[    3.559640] usb usb3: control request! transfer flag:0
[    3.559706] usb usb3: req type:23
[    3.559771] usb usb3: req3
[    3.559852] usb usb3: index:701
[    3.559905] usb usb3: value:1b
[    3.559960] usb usb3: length:0
[    3.560106] usb usb3: submitted urb:
[    3.560203] usb usb3: pipe:2147483904d,stream:0d
[    3.560270] usb usb3: control request! transfer flag:0
[    3.560335] usb usb3: req type:23
[    3.560381] usb usb3: req3
